{
  "flinkVersion" : "",
  "nodes" : [ {
    "context" : "1_stream-exec-table-source-scan_1",
    "scanTableSource" : {
      "identifier" : "`default_catalog`.`default_database`.`Orders`",
      "catalogTable" : {
        "schema.watermark.0.strategy.expr" : "`rowtime`",
        "schema.0.data-type" : "INT",
        "schema.2.name" : "rowtime",
        "schema.1.name" : "currency",
        "schema.1.data-type" : "VARCHAR(2147483647)",
        "schema.3.data-type" : "TIMESTAMP(3) WITH LOCAL TIME ZONE NOT NULL",
        "schema.2.data-type" : "TIMESTAMP(3)",
        "schema.3.name" : "proctime",
        "connector" : "values",
        "schema.watermark.0.rowtime" : "rowtime",
        "schema.watermark.0.strategy.data-type" : "TIMESTAMP(3)",
        "schema.3.expr" : "PROCTIME()",
        "schema.0.name" : "amount"
      }
    },
    "outputType" : "ROW<`amount` INT, `currency` VARCHAR(2147483647), `rowtime` TIMESTAMP(3)>",
    "description" : "TableSourceScan(table=[[default_catalog, default_database, Orders]], fields=[amount, currency, rowtime])",
    "inputProperties" : [ ]
  }, {
    "context" : "2_stream-exec-watermark-assigner_1",
    "watermarkExpr" : {
      "kind" : "INPUT_REF",
      "inputIndex" : 2,
      "type" : "TIMESTAMP(3)"
    },
    "rowtimeFieldIndex" : 2,
    "inputProperties" : [ {
      "requiredDistribution" : {
        "type" : "UNKNOWN"
      },
      "damBehavior" : "PIPELINED",
      "priority" : 0
    } ],
    "outputType" : {
      "type" : "ROW",
      "fields" : [ {
        "name" : "amount",
        "fieldType" : "INT"
      }, {
        "name" : "currency",
        "fieldType" : "VARCHAR(2147483647)"
      }, {
        "name" : "rowtime",
        "fieldType" : {
          "type" : "TIMESTAMP_WITHOUT_TIME_ZONE",
          "precision" : 3,
          "kind" : "ROWTIME"
        }
      } ]
    },
    "description" : "WatermarkAssigner(rowtime=[rowtime], watermark=[rowtime])"
  }, {
    "context" : "3_stream-exec-exchange_1",
    "inputProperties" : [ {
      "requiredDistribution" : {
        "type" : "HASH",
        "keys" : [ 1 ]
      },
      "damBehavior" : "PIPELINED",
      "priority" : 0
    } ],
    "outputType" : {
      "type" : "ROW",
      "fields" : [ {
        "name" : "amount",
        "fieldType" : "INT"
      }, {
        "name" : "currency",
        "fieldType" : "VARCHAR(2147483647)"
      }, {
        "name" : "rowtime",
        "fieldType" : {
          "type" : "TIMESTAMP_WITHOUT_TIME_ZONE",
          "precision" : 3,
          "kind" : "ROWTIME"
        }
      } ]
    },
    "description" : "Exchange(distribution=[hash[currency]])"
  }, {
    "context" : "4_stream-exec-table-source-scan_1",
    "scanTableSource" : {
      "identifier" : "`default_catalog`.`default_database`.`RatesHistory`",
      "catalogTable" : {
        "schema.watermark.0.strategy.expr" : "`rowtime`",
        "schema.2.data-type" : "TIMESTAMP(3)",
        "connector" : "values",
        "schema.0.data-type" : "VARCHAR(2147483647) NOT NULL",
        "schema.watermark.0.rowtime" : "rowtime",
        "schema.watermark.0.strategy.data-type" : "TIMESTAMP(3)",
        "schema.2.name" : "rowtime",
        "schema.primary-key.name" : "PK_575402032",
        "schema.primary-key.columns" : "currency",
        "schema.1.name" : "rate",
        "schema.0.name" : "currency",
        "schema.1.data-type" : "INT"
      }
    },
    "outputType" : "ROW<`currency` VARCHAR(2147483647) NOT NULL, `rate` INT, `rowtime` TIMESTAMP(3)>",
    "description" : "TableSourceScan(table=[[default_catalog, default_database, RatesHistory]], fields=[currency, rate, rowtime])",
    "inputProperties" : [ ]
  }, {
    "context" : "5_stream-exec-watermark-assigner_1",
    "watermarkExpr" : {
      "kind" : "INPUT_REF",
      "inputIndex" : 2,
      "type" : "TIMESTAMP(3)"
    },
    "rowtimeFieldIndex" : 2,
    "inputProperties" : [ {
      "requiredDistribution" : {
        "type" : "UNKNOWN"
      },
      "damBehavior" : "PIPELINED",
      "priority" : 0
    } ],
    "outputType" : {
      "type" : "ROW",
      "fields" : [ {
        "name" : "currency",
        "fieldType" : "VARCHAR(2147483647) NOT NULL"
      }, {
        "name" : "rate",
        "fieldType" : "INT"
      }, {
        "name" : "rowtime",
        "fieldType" : {
          "type" : "TIMESTAMP_WITHOUT_TIME_ZONE",
          "precision" : 3,
          "kind" : "ROWTIME"
        }
      } ]
    },
    "description" : "WatermarkAssigner(rowtime=[rowtime], watermark=[rowtime])"
  }, {
    "context" : "6_stream-exec-exchange_1",
    "inputProperties" : [ {
      "requiredDistribution" : {
        "type" : "HASH",
        "keys" : [ 0 ]
      },
      "damBehavior" : "PIPELINED",
      "priority" : 0
    } ],
    "outputType" : {
      "type" : "ROW",
      "fields" : [ {
        "name" : "currency",
        "fieldType" : "VARCHAR(2147483647) NOT NULL"
      }, {
        "name" : "rate",
        "fieldType" : "INT"
      }, {
        "name" : "rowtime",
        "fieldType" : {
          "type" : "TIMESTAMP_WITHOUT_TIME_ZONE",
          "precision" : 3,
          "kind" : "ROWTIME"
        }
      } ]
    },
    "description" : "Exchange(distribution=[hash[currency]])"
  }, {
    "context" : "7_stream-exec-temporal-join_1",
    "joinSpec" : {
      "joinType" : "INNER",
      "leftKeys" : [ 1 ],
      "rightKeys" : [ 0 ],
      "filterNulls" : [ true ],
      "nonEquiCondition" : null
    },
    "isTemporalFunctionJoin" : true,
    "leftTimeAttributeIndex" : 2,
    "rightTimeAttributeIndex" : 2,
    "inputProperties" : [ {
      "requiredDistribution" : {
        "type" : "UNKNOWN"
      },
      "damBehavior" : "PIPELINED",
      "priority" : 0
    }, {
      "requiredDistribution" : {
        "type" : "UNKNOWN"
      },
      "damBehavior" : "PIPELINED",
      "priority" : 0
    } ],
    "outputType" : {
      "type" : "ROW",
      "fields" : [ {
        "name" : "amount",
        "fieldType" : "INT"
      }, {
        "name" : "currency",
        "fieldType" : "VARCHAR(2147483647)"
      }, {
        "name" : "rowtime",
        "fieldType" : {
          "type" : "TIMESTAMP_WITHOUT_TIME_ZONE",
          "precision" : 3,
          "kind" : "ROWTIME"
        }
      }, {
        "name" : "currency0",
        "fieldType" : "VARCHAR(2147483647) NOT NULL"
      }, {
        "name" : "rate",
        "fieldType" : "INT"
      }, {
        "name" : "rowtime0",
        "fieldType" : {
          "type" : "TIMESTAMP_WITHOUT_TIME_ZONE",
          "precision" : 3,
          "kind" : "ROWTIME"
        }
      } ]
    },
    "description" : "TemporalJoin(joinType=[InnerJoin], where=[(__TEMPORAL_JOIN_CONDITION(rowtime, rowtime0, __TEMPORAL_JOIN_CONDITION_PRIMARY_KEY(currency0)) AND (currency = currency0))], select=[amount, currency, rowtime, currency0, rate, rowtime0])"
  }, {
    "context" : "8_stream-exec-calc_1",
    "projection" : [ {
      "kind" : "REX_CALL",
      "operator" : {
        "name" : "*",
        "kind" : "TIMES",
        "syntax" : "BINARY"
      },
      "operands" : [ {
        "kind" : "INPUT_REF",
        "inputIndex" : 0,
        "type" : "INT"
      }, {
        "kind" : "INPUT_REF",
        "inputIndex" : 4,
        "type" : "INT"
      } ],
      "type" : "INT"
    } ],
    "condition" : null,
    "inputProperties" : [ {
      "requiredDistribution" : {
        "type" : "UNKNOWN"
      },
      "damBehavior" : "PIPELINED",
      "priority" : 0
    } ],
    "outputType" : "ROW<`EXPR$0` INT>",
    "description" : "Calc(select=[(amount * rate) AS EXPR$0])"
  }, {
    "context" : "9_stream-exec-sink_1",
    "dynamicTableSink" : {
      "identifier" : "`default_catalog`.`default_database`.`MySink`",
      "catalogTable" : {
        "table-sink-class" : "DEFAULT",
        "connector" : "values",
        "schema.0.data-type" : "INT",
        "schema.0.name" : "a"
      }
    },
    "inputChangelogMode" : [ "INSERT" ],
    "inputProperties" : [ {
      "requiredDistribution" : {
        "type" : "UNKNOWN"
      },
      "damBehavior" : "PIPELINED",
      "priority" : 0
    } ],
    "outputType" : "ROW<`EXPR$0` INT>",
    "description" : "Sink(table=[default_catalog.default_database.MySink], fields=[EXPR$0])"
  } ],
  "edges" : [ {
    "source" : 1,
    "target" : 2,
    "shuffle" : {
      "type" : "FORWARD"
    },
    "shuffleMode" : "PIPELINED"
  }, {
    "source" : 2,
    "target" : 3,
    "shuffle" : {
      "type" : "FORWARD"
    },
    "shuffleMode" : "PIPELINED"
  }, {
    "source" : 4,
    "target" : 5,
    "shuffle" : {
      "type" : "FORWARD"
    },
    "shuffleMode" : "PIPELINED"
  }, {
    "source" : 5,
    "target" : 6,
    "shuffle" : {
      "type" : "FORWARD"
    },
    "shuffleMode" : "PIPELINED"
  }, {
    "source" : 3,
    "target" : 7,
    "shuffle" : {
      "type" : "FORWARD"
    },
    "shuffleMode" : "PIPELINED"
  }, {
    "source" : 6,
    "target" : 7,
    "shuffle" : {
      "type" : "FORWARD"
    },
    "shuffleMode" : "PIPELINED"
  }, {
    "source" : 7,
    "target" : 8,
    "shuffle" : {
      "type" : "FORWARD"
    },
    "shuffleMode" : "PIPELINED"
  }, {
    "source" : 8,
    "target" : 9,
    "shuffle" : {
      "type" : "FORWARD"
    },
    "shuffleMode" : "PIPELINED"
  } ]
}