{
  "flinkVersion" : "",
  "nodes" : [ {
    "context" : "1_stream-exec-table-source-scan_1",
    "scanTableSource" : {
      "identifier" : "`default_catalog`.`default_database`.`MyTable`",
      "catalogTable" : {
        "schema.3.data-type" : "TIMESTAMP(3)",
        "schema.2.data-type" : "VARCHAR(2147483647)",
        "schema.3.name" : "d",
        "connector" : "values",
        "schema.0.data-type" : "BIGINT",
        "schema.2.name" : "c",
        "schema.1.name" : "b",
        "bounded" : "false",
        "schema.0.name" : "a",
        "schema.1.data-type" : "INT NOT NULL"
      }
    },
    "outputType" : "ROW<`a` BIGINT, `b` INT NOT NULL, `c` VARCHAR(2147483647), `d` TIMESTAMP(3)>",
    "description" : "TableSourceScan(table=[[default_catalog, default_database, MyTable]], fields=[a, b, c, d])",
    "inputProperties" : [ ]
  }, {
    "context" : "2_stream-exec-correlate_1",
    "joinType" : "INNER",
    "functionCall" : {
      "kind" : "REX_CALL",
      "operator" : {
        "name" : "func1",
        "kind" : "OTHER_FUNCTION",
        "syntax" : "FUNCTION"
      },
      "operands" : [ {
        "kind" : "FIELD_ACCESS",
        "name" : "c",
        "expr" : {
          "kind" : "CORREL_VARIABLE",
          "correl" : "$cor0",
          "type" : "ROW<`a` BIGINT, `b` INT NOT NULL, `c` VARCHAR(2147483647), `d` TIMESTAMP(3), `s` VARCHAR(2147483647)> NOT NULL"
        }
      }, {
        "kind" : "LITERAL",
        "value" : "$",
        "type" : "CHAR(1) NOT NULL"
      } ],
      "type" : "ROW<`f0` VARCHAR(2147483647)> NOT NULL"
    },
    "condition" : null,
    "inputProperties" : [ {
      "requiredDistribution" : {
        "type" : "UNKNOWN"
      },
      "damBehavior" : "PIPELINED",
      "priority" : 0
    } ],
    "outputType" : "ROW<`a` BIGINT, `b` INT NOT NULL, `c` VARCHAR(2147483647), `d` TIMESTAMP(3), `f0` VARCHAR(2147483647)>",
    "description" : "Correlate(invocation=[func1($cor0.c, _UTF-16LE'$')], correlate=[table(func1($cor0.c,'$'))], select=[a,b,c,d,f0], rowType=[RecordType(BIGINT a, INTEGER b, VARCHAR(2147483647) c, TIMESTAMP(3) d, VARCHAR(2147483647) f0)], joinType=[INNER])"
  }, {
    "context" : "3_stream-exec-calc_1",
    "projection" : [ {
      "kind" : "INPUT_REF",
      "inputIndex" : 2,
      "type" : "VARCHAR(2147483647)"
    }, {
      "kind" : "INPUT_REF",
      "inputIndex" : 4,
      "type" : "VARCHAR(2147483647)"
    } ],
    "condition" : null,
    "inputProperties" : [ {
      "requiredDistribution" : {
        "type" : "UNKNOWN"
      },
      "damBehavior" : "PIPELINED",
      "priority" : 0
    } ],
    "outputType" : "ROW<`c` VARCHAR(2147483647), `s` VARCHAR(2147483647)>",
    "description" : "Calc(select=[c, f0 AS s])"
  }, {
    "context" : "4_stream-exec-sink_1",
    "dynamicTableSink" : {
      "identifier" : "`default_catalog`.`default_database`.`MySink`",
      "catalogTable" : {
        "table-sink-class" : "DEFAULT",
        "connector" : "values",
        "schema.0.data-type" : "VARCHAR(2147483647)",
        "schema.1.name" : "b",
        "schema.0.name" : "a",
        "schema.1.data-type" : "VARCHAR(2147483647)"
      }
    },
    "inputChangelogMode" : [ "INSERT" ],
    "inputProperties" : [ {
      "requiredDistribution" : {
        "type" : "UNKNOWN"
      },
      "damBehavior" : "PIPELINED",
      "priority" : 0
    } ],
    "outputType" : "ROW<`c` VARCHAR(2147483647), `s` VARCHAR(2147483647)>",
    "description" : "Sink(table=[default_catalog.default_database.MySink], fields=[c, s])"
  } ],
  "edges" : [ {
    "source" : 1,
    "target" : 2,
    "shuffle" : {
      "type" : "FORWARD"
    },
    "shuffleMode" : "PIPELINED"
  }, {
    "source" : 2,
    "target" : 3,
    "shuffle" : {
      "type" : "FORWARD"
    },
    "shuffleMode" : "PIPELINED"
  }, {
    "source" : 3,
    "target" : 4,
    "shuffle" : {
      "type" : "FORWARD"
    },
    "shuffleMode" : "PIPELINED"
  } ]
}