{
   "flinkVersion":"",
   "nodes":[
      {
         "id": 1,
         "type": "stream-exec-table-source-scan_1",
         "scanTableSource":{
            "identifier": "`default_catalog`.`default_database`.`MyTable`",
            "catalogTable":{
               "schema.2.data-type":"VARCHAR(2147483647)",
               "connector":"values",
               "schema.0.data-type":"BIGINT",
               "schema.2.name":"c",
               "schema.1.name":"b",
               "bounded":"false",
               "schema.0.name":"a",
               "schema.1.data-type":"INT"
            }
         },
         "id":1,
         "outputType":"ROW<`a` BIGINT, `b` INT, `c` VARCHAR(2147483647)>",
         "description":"TableSourceScan(table=[[default_catalog, default_database, MyTable]], fields=[a, b, c])",
         "inputProperties":[

         ]
      },
      {
         "id": 2,
         "type": "stream-exec-sink_1",
         "dynamicTableSink":{
            "identifier": "`default_catalog`.`default_database`.`MySink`",
            "catalogTable":{
               "table-sink-class":"DEFAULT",
               "schema.2.data-type":"VARCHAR(2147483647)",
               "connector":"values",
               "schema.0.data-type":"BIGINT",
               "schema.2.name":"c",
               "schema.1.name":"b",
               "schema.0.name":"a",
               "schema.1.data-type":"INT"
            }
         },
         "inputChangelogMode":[
            "INSERT"
         ],
         "id":2,
         "inputProperties":[
            {
               "requiredDistribution":{
                  "type":"UNKNOWN"
               },
               "damBehavior":"PIPELINED",
               "priority":0
            }
         ],
         "outputType":"ROW<`a` BIGINT, `b` INT, `c` VARCHAR(2147483647)>",
         "description":"Sink(table=[default_catalog.default_database.MySink], fields=[a, b, c])"
      }
   ],
   "edges":[
      {
         "source":1,
         "target":2,
         "shuffle":{
            "type":"FORWARD"
         },
         "shuffleMode":"PIPELINED"
      }
   ]
}
