{
  "flinkVersion" : "",
  "nodes" : [ {
    "context" : "1_stream-exec-table-source-scan_1",
    "scanTableSource" : {
      "identifier" : "`default_catalog`.`default_database`.`MyTable`",
      "catalogTable" : {
        "schema.2.data-type" : "VARCHAR(2147483647)",
        "connector" : "values",
        "schema.0.data-type" : "BIGINT",
        "schema.2.name" : "c",
        "schema.1.name" : "b",
        "bounded" : "false",
        "schema.0.name" : "a",
        "schema.1.data-type" : "INT"
      },
      "sourceAbilitySpecs" : [ {
        "type" : "ProjectPushDown",
        "projectedFields" : [ [ 0 ], [ 1 ] ],
        "producedType" : "ROW<`a` BIGINT, `b` INT> NOT NULL"
      }, {
        "type" : "ReadingMetadata",
        "metadataKeys" : [ ],
        "producedType" : "ROW<`a` BIGINT, `b` INT> NOT NULL"
      } ]
    },
    "outputType" : "ROW<`a` BIGINT, `b` INT>",
    "description" : "TableSourceScan(table=[[default_catalog, default_database, MyTable, project=[a, b], metadata=[]]], fields=[a, b])",
    "inputProperties" : [ ]
  }, {
    "context" : "2_stream-exec-calc_1",
    "projection" : [ {
      "kind" : "INPUT_REF",
      "inputIndex" : 0,
      "type" : "BIGINT"
    }, {
      "kind" : "INPUT_REF",
      "inputIndex" : 1,
      "type" : "INT"
    }, {
      "kind" : "LITERAL",
      "value" : "A",
      "type" : "VARCHAR(2147483647) NOT NULL"
    } ],
    "condition" : null,
    "inputProperties" : [ {
      "requiredDistribution" : {
        "type" : "UNKNOWN"
      },
      "damBehavior" : "PIPELINED",
      "priority" : 0
    } ],
    "outputType" : "ROW<`a` BIGINT, `b` INT, `EXPR$2` VARCHAR(2147483647) NOT NULL>",
    "description" : "Calc(select=[a, b, 'A' AS EXPR$2])"
  }, {
    "context" : "3_stream-exec-sink_1",
    "dynamicTableSink" : {
      "identifier" : "`default_catalog`.`default_database`.`MySink`",
      "catalogTable" : {
        "path" : "/tmp",
        "schema.2.data-type" : "VARCHAR(2147483647)",
        "connector" : "filesystem",
        "schema.0.data-type" : "BIGINT",
        "schema.2.name" : "c",
        "format" : "testcsv",
        "schema.1.name" : "b",
        "schema.0.name" : "a",
        "schema.1.data-type" : "INT",
        "partition.keys.0.name" : "c"
      },
      "sinkAbilitySpecs" : [ {
        "type" : "Partitioning",
        "partition" : {
          "c" : "A"
        }
      } ]
    },
    "inputChangelogMode" : [ "INSERT" ],
    "inputProperties" : [ {
      "requiredDistribution" : {
        "type" : "UNKNOWN"
      },
      "damBehavior" : "PIPELINED",
      "priority" : 0
    } ],
    "outputType" : "ROW<`a` BIGINT, `b` INT, `EXPR$2` VARCHAR(2147483647) NOT NULL>",
    "description" : "Sink(table=[default_catalog.default_database.MySink], fields=[a, b, EXPR$2])"
  } ],
  "edges" : [ {
    "source" : 1,
    "target" : 2,
    "shuffle" : {
      "type" : "FORWARD"
    },
    "shuffleMode" : "PIPELINED"
  }, {
    "source" : 2,
    "target" : 3,
    "shuffle" : {
      "type" : "FORWARD"
    },
    "shuffleMode" : "PIPELINED"
  } ]
}