{
  "flinkVersion" : "",
  "nodes" : [ {
    "context" : "1_stream-exec-table-source-scan_1",
    "scanTableSource" : {
      "identifier" : "`default_catalog`.`default_database`.`MyTable`",
      "catalogTable" : {
        "schema.watermark.0.strategy.expr" : "`rowtime`",
        "schema.4.expr" : "PROCTIME()",
        "schema.0.data-type" : "INT",
        "schema.2.name" : "c",
        "schema.1.name" : "b",
        "bounded" : "false",
        "schema.4.name" : "proctime",
        "schema.1.data-type" : "VARCHAR(2147483647)",
        "schema.3.data-type" : "TIMESTAMP(3)",
        "schema.2.data-type" : "BIGINT",
        "schema.3.name" : "rowtime",
        "connector" : "values",
        "schema.watermark.0.rowtime" : "rowtime",
        "schema.watermark.0.strategy.data-type" : "TIMESTAMP(3)",
        "schema.4.data-type" : "TIMESTAMP(3) WITH LOCAL TIME ZONE NOT NULL",
        "schema.0.name" : "a"
      },
      "sourceAbilitySpecs" : [ {
        "type" : "ProjectPushDown",
        "projectedFields" : [ [ 0 ], [ 2 ], [ 3 ] ],
        "producedType" : "ROW<`a` INT, `c` BIGINT, `rowtime` TIMESTAMP(3)> NOT NULL"
      }, {
        "type" : "ReadingMetadata",
        "metadataKeys" : [ ],
        "producedType" : "ROW<`a` INT, `c` BIGINT, `rowtime` TIMESTAMP(3)> NOT NULL"
      } ]
    },
    "outputType" : "ROW<`a` INT, `c` BIGINT, `rowtime` TIMESTAMP(3)>",
    "description" : "TableSourceScan(table=[[default_catalog, default_database, MyTable, project=[a, c, rowtime], metadata=[]]], fields=[a, c, rowtime])",
    "inputProperties" : [ ]
  }, {
    "context" : "2_stream-exec-calc_1",
    "projection" : [ {
      "kind" : "INPUT_REF",
      "inputIndex" : 0,
      "type" : "INT"
    }, {
      "kind" : "INPUT_REF",
      "inputIndex" : 1,
      "type" : "BIGINT"
    }, {
      "kind" : "REX_CALL",
      "operator" : {
        "name" : "PROCTIME",
        "kind" : "OTHER_FUNCTION",
        "syntax" : "FUNCTION"
      },
      "operands" : [ ],
      "type" : {
        "type" : "TIMESTAMP_WITH_LOCAL_TIME_ZONE",
        "nullable" : false,
        "precision" : 3,
        "kind" : "PROCTIME"
      }
    }, {
      "kind" : "INPUT_REF",
      "inputIndex" : 2,
      "type" : "TIMESTAMP(3)"
    } ],
    "condition" : null,
    "inputProperties" : [ {
      "requiredDistribution" : {
        "type" : "UNKNOWN"
      },
      "damBehavior" : "PIPELINED",
      "priority" : 0
    } ],
    "outputType" : {
      "type" : "ROW",
      "fields" : [ {
        "name" : "a",
        "fieldType" : "INT"
      }, {
        "name" : "c",
        "fieldType" : "BIGINT"
      }, {
        "name" : "proctime",
        "fieldType" : {
          "type" : "TIMESTAMP_WITH_LOCAL_TIME_ZONE",
          "nullable" : false,
          "precision" : 3,
          "kind" : "PROCTIME"
        }
      }, {
        "name" : "rowtime",
        "fieldType" : "TIMESTAMP(3)"
      } ]
    },
    "description" : "Calc(select=[a, c, PROCTIME() AS proctime, rowtime])"
  }, {
    "context" : "3_stream-exec-watermark-assigner_1",
    "watermarkExpr" : {
      "kind" : "INPUT_REF",
      "inputIndex" : 3,
      "type" : "TIMESTAMP(3)"
    },
    "rowtimeFieldIndex" : 3,
    "inputProperties" : [ {
      "requiredDistribution" : {
        "type" : "UNKNOWN"
      },
      "damBehavior" : "PIPELINED",
      "priority" : 0
    } ],
    "outputType" : {
      "type" : "ROW",
      "fields" : [ {
        "name" : "a",
        "fieldType" : "INT"
      }, {
        "name" : "c",
        "fieldType" : "BIGINT"
      }, {
        "name" : "proctime",
        "fieldType" : {
          "type" : "TIMESTAMP_WITH_LOCAL_TIME_ZONE",
          "nullable" : false,
          "precision" : 3,
          "kind" : "PROCTIME"
        }
      }, {
        "name" : "rowtime",
        "fieldType" : {
          "type" : "TIMESTAMP_WITHOUT_TIME_ZONE",
          "precision" : 3,
          "kind" : "ROWTIME"
        }
      } ]
    },
    "description" : "WatermarkAssigner(rowtime=[rowtime], watermark=[rowtime])"
  }, {
    "context" : "4_stream-exec-calc_1",
    "projection" : [ {
      "kind" : "INPUT_REF",
      "inputIndex" : 0,
      "type" : "INT"
    }, {
      "kind" : "INPUT_REF",
      "inputIndex" : 1,
      "type" : "BIGINT"
    }, {
      "kind" : "INPUT_REF",
      "inputIndex" : 2,
      "type" : {
        "type" : "TIMESTAMP_WITH_LOCAL_TIME_ZONE",
        "nullable" : false,
        "precision" : 3,
        "kind" : "PROCTIME"
      }
    } ],
    "condition" : null,
    "inputProperties" : [ {
      "requiredDistribution" : {
        "type" : "UNKNOWN"
      },
      "damBehavior" : "PIPELINED",
      "priority" : 0
    } ],
    "outputType" : {
      "type" : "ROW",
      "fields" : [ {
        "name" : "a",
        "fieldType" : "INT"
      }, {
        "name" : "c",
        "fieldType" : "BIGINT"
      }, {
        "name" : "proctime",
        "fieldType" : {
          "type" : "TIMESTAMP_WITH_LOCAL_TIME_ZONE",
          "nullable" : false,
          "precision" : 3,
          "kind" : "PROCTIME"
        }
      } ]
    },
    "description" : "Calc(select=[a, c, proctime])"
  }, {
    "context" : "5_stream-exec-exchange_1",
    "inputProperties" : [ {
      "requiredDistribution" : {
        "type" : "HASH",
        "keys" : [ 1 ]
      },
      "damBehavior" : "PIPELINED",
      "priority" : 0
    } ],
    "outputType" : {
      "type" : "ROW",
      "fields" : [ {
        "name" : "a",
        "fieldType" : "INT"
      }, {
        "name" : "c",
        "fieldType" : "BIGINT"
      }, {
        "name" : "proctime",
        "fieldType" : {
          "type" : "TIMESTAMP_WITH_LOCAL_TIME_ZONE",
          "nullable" : false,
          "precision" : 3,
          "kind" : "PROCTIME"
        }
      } ]
    },
    "description" : "Exchange(distribution=[hash[c]])"
  }, {
    "context" : "6_stream-exec-over-aggregate_1",
    "overSpec" : {
      "partition" : {
        "fields" : [ 1 ]
      },
      "groups" : [ {
        "orderBy" : {
          "fields" : [ {
            "index" : 2,
            "isAscending" : true,
            "nullIsLast" : false
          } ]
        },
        "isRows" : false,
        "lowerBound" : {
          "kind" : "UNBOUNDED_PRECEDING"
        },
        "upperBound" : {
          "kind" : "CURRENT_ROW"
        },
        "aggCalls" : [ {
          "name" : "w0$o0",
          "aggFunction" : {
            "name" : "COUNT",
            "kind" : "COUNT",
            "syntax" : "FUNCTION_STAR"
          },
          "argList" : [ 0 ],
          "filterArg" : -1,
          "distinct" : false,
          "approximate" : false,
          "ignoreNulls" : false,
          "type" : "BIGINT NOT NULL"
        }, {
          "name" : "w0$o1",
          "aggFunction" : {
            "name" : "$SUM0",
            "kind" : "SUM0",
            "syntax" : "FUNCTION"
          },
          "argList" : [ 0 ],
          "filterArg" : -1,
          "distinct" : false,
          "approximate" : false,
          "ignoreNulls" : false,
          "type" : "INT NOT NULL"
        } ]
      } ],
      "constants" : [ ],
      "originalInputFields" : 3
    },
    "inputProperties" : [ {
      "requiredDistribution" : {
        "type" : "UNKNOWN"
      },
      "damBehavior" : "PIPELINED",
      "priority" : 0
    } ],
    "outputType" : {
      "type" : "ROW",
      "fields" : [ {
        "name" : "a",
        "fieldType" : "INT"
      }, {
        "name" : "c",
        "fieldType" : "BIGINT"
      }, {
        "name" : "proctime",
        "fieldType" : {
          "type" : "TIMESTAMP_WITH_LOCAL_TIME_ZONE",
          "nullable" : false,
          "precision" : 3,
          "kind" : "PROCTIME"
        }
      }, {
        "name" : "w0$o0",
        "fieldType" : "BIGINT NOT NULL"
      }, {
        "name" : "w0$o1",
        "fieldType" : "INT NOT NULL"
      } ]
    },
    "description" : "OverAggregate(partitionBy=[c], orderBy=[proctime ASC], window=[ RANG BETWEEN UNBOUNDED PRECEDING AND CURRENT ROW], select=[a, c, proctime, COUNT(a) AS w0$o0, $SUM0(a) AS w0$o1])"
  }, {
    "context" : "7_stream-exec-calc_1",
    "projection" : [ {
      "kind" : "INPUT_REF",
      "inputIndex" : 1,
      "type" : "BIGINT"
    }, {
      "kind" : "REX_CALL",
      "operator" : {
        "name" : "CAST",
        "kind" : "CAST",
        "syntax" : "SPECIAL"
      },
      "operands" : [ {
        "kind" : "INPUT_REF",
        "inputIndex" : 3,
        "type" : "BIGINT NOT NULL"
      } ],
      "type" : "BIGINT"
    }, {
      "kind" : "REX_CALL",
      "operator" : {
        "name" : "CAST",
        "kind" : "CAST",
        "syntax" : "SPECIAL"
      },
      "operands" : [ {
        "kind" : "REX_CALL",
        "operator" : {
          "name" : "CASE",
          "kind" : "CASE",
          "syntax" : "SPECIAL"
        },
        "operands" : [ {
          "kind" : "REX_CALL",
          "operator" : {
            "name" : ">",
            "kind" : "GREATER_THAN",
            "syntax" : "BINARY"
          },
          "operands" : [ {
            "kind" : "INPUT_REF",
            "inputIndex" : 3,
            "type" : "BIGINT NOT NULL"
          }, {
            "kind" : "LITERAL",
            "value" : "0",
            "type" : "BIGINT NOT NULL"
          } ],
          "type" : "BOOLEAN NOT NULL"
        }, {
          "kind" : "INPUT_REF",
          "inputIndex" : 4,
          "type" : "INT NOT NULL"
        }, {
          "kind" : "LITERAL",
          "value" : null,
          "type" : "INT"
        } ],
        "type" : "INT"
      } ],
      "type" : "BIGINT"
    } ],
    "condition" : null,
    "inputProperties" : [ {
      "requiredDistribution" : {
        "type" : "UNKNOWN"
      },
      "damBehavior" : "PIPELINED",
      "priority" : 0
    } ],
    "outputType" : "ROW<`a` BIGINT, `b` BIGINT, `c` BIGINT>",
    "description" : "Calc(select=[c AS a, CAST(w0$o0 AS BIGINT) AS b, CAST(CASE((w0$o0 > 0), w0$o1, null:INTEGER) AS BIGINT) AS c])"
  }, {
    "context" : "8_stream-exec-sink_1",
    "dynamicTableSink" : {
      "identifier" : "`default_catalog`.`default_database`.`MySink`",
      "catalogTable" : {
        "sink-insert-only" : "false",
        "table-sink-class" : "DEFAULT",
        "schema.2.data-type" : "BIGINT",
        "connector" : "values",
        "schema.0.data-type" : "BIGINT",
        "schema.2.name" : "c",
        "schema.1.name" : "b",
        "schema.0.name" : "a",
        "schema.1.data-type" : "BIGINT"
      }
    },
    "inputChangelogMode" : [ "INSERT" ],
    "inputProperties" : [ {
      "requiredDistribution" : {
        "type" : "UNKNOWN"
      },
      "damBehavior" : "PIPELINED",
      "priority" : 0
    } ],
    "outputType" : "ROW<`a` BIGINT, `b` BIGINT, `c` BIGINT>",
    "description" : "Sink(table=[default_catalog.default_database.MySink], fields=[a, b, c])"
  } ],
  "edges" : [ {
    "source" : 1,
    "target" : 2,
    "shuffle" : {
      "type" : "FORWARD"
    },
    "shuffleMode" : "PIPELINED"
  }, {
    "source" : 2,
    "target" : 3,
    "shuffle" : {
      "type" : "FORWARD"
    },
    "shuffleMode" : "PIPELINED"
  }, {
    "source" : 3,
    "target" : 4,
    "shuffle" : {
      "type" : "FORWARD"
    },
    "shuffleMode" : "PIPELINED"
  }, {
    "source" : 4,
    "target" : 5,
    "shuffle" : {
      "type" : "FORWARD"
    },
    "shuffleMode" : "PIPELINED"
  }, {
    "source" : 5,
    "target" : 6,
    "shuffle" : {
      "type" : "FORWARD"
    },
    "shuffleMode" : "PIPELINED"
  }, {
    "source" : 6,
    "target" : 7,
    "shuffle" : {
      "type" : "FORWARD"
    },
    "shuffleMode" : "PIPELINED"
  }, {
    "source" : 7,
    "target" : 8,
    "shuffle" : {
      "type" : "FORWARD"
    },
    "shuffleMode" : "PIPELINED"
  } ]
}