{
  "flinkVersion" : "",
  "nodes" : [ {
    "context" : "1_stream-exec-table-source-scan_1",
    "scanTableSource" : {
      "identifier" : "`default_catalog`.`default_database`.`MyTable`",
      "catalogTable" : {
        "schema.watermark.0.strategy.expr" : "`rowtime`",
        "schema.4.expr" : "PROCTIME()",
        "schema.0.data-type" : "INT",
        "schema.2.name" : "c",
        "schema.1.name" : "b",
        "bounded" : "false",
        "schema.4.name" : "proctime",
        "schema.1.data-type" : "VARCHAR(2147483647)",
        "schema.3.data-type" : "TIMESTAMP(3)",
        "schema.2.data-type" : "BIGINT",
        "schema.3.name" : "rowtime",
        "connector" : "values",
        "schema.watermark.0.rowtime" : "rowtime",
        "schema.watermark.0.strategy.data-type" : "TIMESTAMP(3)",
        "schema.4.data-type" : "TIMESTAMP(3) WITH LOCAL TIME ZONE NOT NULL",
        "schema.0.name" : "a"
      },
      "sourceAbilitySpecs" : [ {
        "type" : "ProjectPushDown",
        "projectedFields" : [ [ 0 ], [ 2 ], [ 3 ] ],
        "producedType" : "ROW<`a` INT, `c` BIGINT, `rowtime` TIMESTAMP(3)> NOT NULL"
      }, {
        "type" : "ReadingMetadata",
        "metadataKeys" : [ ],
        "producedType" : "ROW<`a` INT, `c` BIGINT, `rowtime` TIMESTAMP(3)> NOT NULL"
      } ]
    },
    "outputType" : "ROW<`a` INT, `c` BIGINT, `rowtime` TIMESTAMP(3)>",
    "description" : "TableSourceScan(table=[[default_catalog, default_database, MyTable, project=[a, c, rowtime], metadata=[]]], fields=[a, c, rowtime])",
    "inputProperties" : [ ]
  }, {
    "context" : "2_stream-exec-watermark-assigner_1",
    "watermarkExpr" : {
      "kind" : "INPUT_REF",
      "inputIndex" : 2,
      "type" : "TIMESTAMP(3)"
    },
    "rowtimeFieldIndex" : 2,
    "inputProperties" : [ {
      "requiredDistribution" : {
        "type" : "UNKNOWN"
      },
      "damBehavior" : "PIPELINED",
      "priority" : 0
    } ],
    "outputType" : {
      "type" : "ROW",
      "fields" : [ {
        "name" : "a",
        "fieldType" : "INT"
      }, {
        "name" : "c",
        "fieldType" : "BIGINT"
      }, {
        "name" : "rowtime",
        "fieldType" : {
          "type" : "TIMESTAMP_WITHOUT_TIME_ZONE",
          "precision" : 3,
          "kind" : "ROWTIME"
        }
      } ]
    },
    "description" : "WatermarkAssigner(rowtime=[rowtime], watermark=[rowtime])"
  }, {
    "context" : "3_stream-exec-exchange_1",
    "inputProperties" : [ {
      "requiredDistribution" : {
        "type" : "HASH",
        "keys" : [ 1 ]
      },
      "damBehavior" : "PIPELINED",
      "priority" : 0
    } ],
    "outputType" : {
      "type" : "ROW",
      "fields" : [ {
        "name" : "a",
        "fieldType" : "INT"
      }, {
        "name" : "c",
        "fieldType" : "BIGINT"
      }, {
        "name" : "rowtime",
        "fieldType" : {
          "type" : "TIMESTAMP_WITHOUT_TIME_ZONE",
          "precision" : 3,
          "kind" : "ROWTIME"
        }
      } ]
    },
    "description" : "Exchange(distribution=[hash[c]])"
  }, {
    "context" : "4_stream-exec-over-aggregate_1",
    "overSpec" : {
      "partition" : {
        "fields" : [ 1 ]
      },
      "groups" : [ {
        "orderBy" : {
          "fields" : [ {
            "index" : 2,
            "isAscending" : true,
            "nullIsLast" : false
          } ]
        },
        "isRows" : true,
        "lowerBound" : {
          "kind" : "BOUNDED_WINDOW",
          "isPreceding" : true,
          "offset" : {
            "kind" : "INPUT_REF",
            "inputIndex" : 3,
            "type" : "INT NOT NULL"
          }
        },
        "upperBound" : {
          "kind" : "CURRENT_ROW"
        },
        "aggCalls" : [ {
          "name" : "w0$o0",
          "aggFunction" : {
            "name" : "COUNT",
            "kind" : "COUNT",
            "syntax" : "FUNCTION_STAR"
          },
          "argList" : [ 0 ],
          "filterArg" : -1,
          "distinct" : false,
          "approximate" : false,
          "ignoreNulls" : false,
          "type" : "BIGINT NOT NULL"
        } ]
      } ],
      "constants" : [ {
        "kind" : "LITERAL",
        "value" : "5",
        "type" : "INT NOT NULL"
      } ],
      "originalInputFields" : 3
    },
    "inputProperties" : [ {
      "requiredDistribution" : {
        "type" : "UNKNOWN"
      },
      "damBehavior" : "PIPELINED",
      "priority" : 0
    } ],
    "outputType" : {
      "type" : "ROW",
      "fields" : [ {
        "name" : "a",
        "fieldType" : "INT"
      }, {
        "name" : "c",
        "fieldType" : "BIGINT"
      }, {
        "name" : "rowtime",
        "fieldType" : {
          "type" : "TIMESTAMP_WITHOUT_TIME_ZONE",
          "precision" : 3,
          "kind" : "ROWTIME"
        }
      }, {
        "name" : "w0$o0",
        "fieldType" : "BIGINT NOT NULL"
      } ]
    },
    "description" : "OverAggregate(partitionBy=[c], orderBy=[rowtime ASC], window=[ ROWS BETWEEN 5 PRECEDING AND CURRENT ROW], select=[a, c, rowtime, COUNT(a) AS w0$o0])"
  }, {
    "context" : "5_stream-exec-calc_1",
    "projection" : [ {
      "kind" : "INPUT_REF",
      "inputIndex" : 1,
      "type" : "BIGINT"
    }, {
      "kind" : "INPUT_REF",
      "inputIndex" : 3,
      "type" : "BIGINT NOT NULL"
    } ],
    "condition" : null,
    "inputProperties" : [ {
      "requiredDistribution" : {
        "type" : "UNKNOWN"
      },
      "damBehavior" : "PIPELINED",
      "priority" : 0
    } ],
    "outputType" : "ROW<`c` BIGINT, `$1` BIGINT NOT NULL>",
    "description" : "Calc(select=[c, w0$o0 AS $1])"
  }, {
    "context" : "6_stream-exec-sink_1",
    "dynamicTableSink" : {
      "identifier" : "`default_catalog`.`default_database`.`MySink`",
      "catalogTable" : {
        "sink-insert-only" : "false",
        "table-sink-class" : "DEFAULT",
        "connector" : "values",
        "schema.0.data-type" : "BIGINT",
        "schema.1.name" : "b",
        "schema.0.name" : "a",
        "schema.1.data-type" : "BIGINT"
      }
    },
    "inputChangelogMode" : [ "INSERT" ],
    "inputProperties" : [ {
      "requiredDistribution" : {
        "type" : "UNKNOWN"
      },
      "damBehavior" : "PIPELINED",
      "priority" : 0
    } ],
    "outputType" : "ROW<`c` BIGINT, `$1` BIGINT NOT NULL>",
    "description" : "Sink(table=[default_catalog.default_database.MySink], fields=[c, $1])"
  } ],
  "edges" : [ {
    "source" : 1,
    "target" : 2,
    "shuffle" : {
      "type" : "FORWARD"
    },
    "shuffleMode" : "PIPELINED"
  }, {
    "source" : 2,
    "target" : 3,
    "shuffle" : {
      "type" : "FORWARD"
    },
    "shuffleMode" : "PIPELINED"
  }, {
    "source" : 3,
    "target" : 4,
    "shuffle" : {
      "type" : "FORWARD"
    },
    "shuffleMode" : "PIPELINED"
  }, {
    "source" : 4,
    "target" : 5,
    "shuffle" : {
      "type" : "FORWARD"
    },
    "shuffleMode" : "PIPELINED"
  }, {
    "source" : 5,
    "target" : 6,
    "shuffle" : {
      "type" : "FORWARD"
    },
    "shuffleMode" : "PIPELINED"
  } ]
}