{
  "flinkVersion" : "",
  "nodes" : [ {
    "context" : "1_stream-exec-table-source-scan_1",
    "scanTableSource" : {
      "identifier" : "`default_catalog`.`default_database`.`MyTable`",
      "catalogTable" : {
        "schema.watermark.0.strategy.expr" : "`rowtime` - INTERVAL '1' SECOND",
        "schema.4.expr" : "PROCTIME()",
        "schema.0.data-type" : "INT NOT NULL",
        "schema.2.name" : "c",
        "schema.1.name" : "b",
        "schema.4.name" : "proctime",
        "schema.1.data-type" : "BIGINT",
        "schema.3.data-type" : "TIMESTAMP(3)",
        "schema.2.data-type" : "VARCHAR(2147483647)",
        "schema.3.name" : "rowtime",
        "connector" : "values",
        "schema.watermark.0.rowtime" : "rowtime",
        "schema.watermark.0.strategy.data-type" : "TIMESTAMP(3)",
        "schema.3.expr" : "TO_TIMESTAMP(`c`)",
        "schema.4.data-type" : "TIMESTAMP(3) WITH LOCAL TIME ZONE NOT NULL",
        "schema.0.name" : "a"
      }
    },
    "outputType" : "ROW<`a` INT NOT NULL, `b` BIGINT, `c` VARCHAR(2147483647)>",
    "description" : "TableSourceScan(table=[[default_catalog, default_database, MyTable]], fields=[a, b, c])",
    "inputProperties" : [ ]
  }, {
    "context" : "2_stream-exec-calc_1",
    "projection" : [ {
      "kind" : "INPUT_REF",
      "inputIndex" : 0,
      "type" : "INT NOT NULL"
    }, {
      "kind" : "INPUT_REF",
      "inputIndex" : 1,
      "type" : "BIGINT"
    }, {
      "kind" : "INPUT_REF",
      "inputIndex" : 2,
      "type" : "VARCHAR(2147483647)"
    }, {
      "kind" : "REX_CALL",
      "operator" : {
        "name" : "TO_TIMESTAMP",
        "kind" : "OTHER_FUNCTION",
        "syntax" : "FUNCTION"
      },
      "operands" : [ {
        "kind" : "INPUT_REF",
        "inputIndex" : 2,
        "type" : "VARCHAR(2147483647)"
      } ],
      "type" : "TIMESTAMP(3)"
    }, {
      "kind" : "REX_CALL",
      "operator" : {
        "name" : "PROCTIME",
        "kind" : "OTHER_FUNCTION",
        "syntax" : "FUNCTION"
      },
      "operands" : [ ],
      "type" : {
        "type" : "TIMESTAMP_WITH_LOCAL_TIME_ZONE",
        "nullable" : false,
        "precision" : 3,
        "kind" : "PROCTIME"
      }
    } ],
    "condition" : null,
    "inputProperties" : [ {
      "requiredDistribution" : {
        "type" : "UNKNOWN"
      },
      "damBehavior" : "PIPELINED",
      "priority" : 0
    } ],
    "outputType" : {
      "type" : "ROW",
      "fields" : [ {
        "name" : "a",
        "fieldType" : "INT NOT NULL"
      }, {
        "name" : "b",
        "fieldType" : "BIGINT"
      }, {
        "name" : "c",
        "fieldType" : "VARCHAR(2147483647)"
      }, {
        "name" : "rowtime",
        "fieldType" : "TIMESTAMP(3)"
      }, {
        "name" : "proctime",
        "fieldType" : {
          "type" : "TIMESTAMP_WITH_LOCAL_TIME_ZONE",
          "nullable" : false,
          "precision" : 3,
          "kind" : "PROCTIME"
        }
      } ]
    },
    "description" : "Calc(select=[a, b, c, TO_TIMESTAMP(c) AS rowtime, PROCTIME() AS proctime])"
  }, {
    "context" : "3_stream-exec-watermark-assigner_1",
    "watermarkExpr" : {
      "kind" : "REX_CALL",
      "operator" : {
        "name" : "-",
        "kind" : "MINUS",
        "syntax" : "SPECIAL"
      },
      "operands" : [ {
        "kind" : "INPUT_REF",
        "inputIndex" : 3,
        "type" : "TIMESTAMP(3)"
      }, {
        "kind" : "LITERAL",
        "value" : 1000,
        "type" : "INTERVAL SECOND(6) NOT NULL"
      } ],
      "type" : "TIMESTAMP(3)"
    },
    "rowtimeFieldIndex" : 3,
    "inputProperties" : [ {
      "requiredDistribution" : {
        "type" : "UNKNOWN"
      },
      "damBehavior" : "PIPELINED",
      "priority" : 0
    } ],
    "outputType" : {
      "type" : "ROW",
      "fields" : [ {
        "name" : "a",
        "fieldType" : "INT NOT NULL"
      }, {
        "name" : "b",
        "fieldType" : "BIGINT"
      }, {
        "name" : "c",
        "fieldType" : "VARCHAR(2147483647)"
      }, {
        "name" : "rowtime",
        "fieldType" : {
          "type" : "TIMESTAMP_WITHOUT_TIME_ZONE",
          "precision" : 3,
          "kind" : "ROWTIME"
        }
      }, {
        "name" : "proctime",
        "fieldType" : {
          "type" : "TIMESTAMP_WITH_LOCAL_TIME_ZONE",
          "nullable" : false,
          "precision" : 3,
          "kind" : "PROCTIME"
        }
      } ]
    },
    "description" : "WatermarkAssigner(rowtime=[rowtime], watermark=[(rowtime - 1000:INTERVAL SECOND)])"
  }, {
    "context" : "4_stream-exec-calc_1",
    "projection" : [ {
      "kind" : "INPUT_REF",
      "inputIndex" : 1,
      "type" : "BIGINT"
    }, {
      "kind" : "INPUT_REF",
      "inputIndex" : 4,
      "type" : {
        "type" : "TIMESTAMP_WITH_LOCAL_TIME_ZONE",
        "nullable" : false,
        "precision" : 3,
        "kind" : "PROCTIME"
      }
    }, {
      "kind" : "INPUT_REF",
      "inputIndex" : 0,
      "type" : "INT NOT NULL"
    }, {
      "kind" : "REX_CALL",
      "operator" : {
        "name" : "+",
        "kind" : "PLUS",
        "syntax" : "BINARY"
      },
      "operands" : [ {
        "kind" : "INPUT_REF",
        "inputIndex" : 0,
        "type" : "INT NOT NULL"
      }, {
        "kind" : "LITERAL",
        "value" : "1",
        "type" : "INT NOT NULL"
      } ],
      "type" : "INT NOT NULL"
    } ],
    "condition" : null,
    "inputProperties" : [ {
      "requiredDistribution" : {
        "type" : "UNKNOWN"
      },
      "damBehavior" : "PIPELINED",
      "priority" : 0
    } ],
    "outputType" : {
      "type" : "ROW",
      "fields" : [ {
        "name" : "b",
        "fieldType" : "BIGINT"
      }, {
        "name" : "proctime",
        "fieldType" : {
          "type" : "TIMESTAMP_WITH_LOCAL_TIME_ZONE",
          "nullable" : false,
          "precision" : 3,
          "kind" : "PROCTIME"
        }
      }, {
        "name" : "a",
        "fieldType" : "INT NOT NULL"
      }, {
        "name" : "$f3",
        "fieldType" : "INT NOT NULL"
      } ]
    },
    "description" : "Calc(select=[b, proctime, a, (a + 1) AS $f3])"
  }, {
    "context" : "5_stream-exec-exchange_1",
    "inputProperties" : [ {
      "requiredDistribution" : {
        "type" : "HASH",
        "keys" : [ 0 ]
      },
      "damBehavior" : "PIPELINED",
      "priority" : 0
    } ],
    "outputType" : {
      "type" : "ROW",
      "fields" : [ {
        "name" : "b",
        "fieldType" : "BIGINT"
      }, {
        "name" : "proctime",
        "fieldType" : {
          "type" : "TIMESTAMP_WITH_LOCAL_TIME_ZONE",
          "nullable" : false,
          "precision" : 3,
          "kind" : "PROCTIME"
        }
      }, {
        "name" : "a",
        "fieldType" : "INT NOT NULL"
      }, {
        "name" : "$f3",
        "fieldType" : "INT NOT NULL"
      } ]
    },
    "description" : "Exchange(distribution=[hash[b]])"
  }, {
    "context" : "6_stream-exec-python-group-window-aggregate_1",
    "grouping" : [ 0 ],
    "aggCalls" : [ {
      "name" : "EXPR$1",
      "aggFunction" : {
        "name" : "pyFunc",
        "kind" : "OTHER_FUNCTION",
        "syntax" : "FUNCTION",
        "functionKind" : "AGGREGATE",
        "instance" : "rO0ABXNyAGRvcmcuYXBhY2hlLmZsaW5rLnRhYmxlLnBsYW5uZXIucnVudGltZS51dGlscy5KYXZhVXNlckRlZmluZWRBZ2dGdW5jdGlvbnMkVGVzdFB5dGhvbkFnZ3JlZ2F0ZUZ1bmN0aW9uera6fuZvJ50CAAB4cgBUb3JnLmFwYWNoZS5mbGluay50YWJsZS5wbGFubmVyLnJ1bnRpbWUudXRpbHMuSmF2YVVzZXJEZWZpbmVkQWdnRnVuY3Rpb25zJFdlaWdodGVkQXZnZ1Nq7DPVPgQCAAB4cgAyb3JnLmFwYWNoZS5mbGluay50YWJsZS5mdW5jdGlvbnMuQWdncmVnYXRlRnVuY3Rpb24g1IzcoWgbiQIAAHhyADxvcmcuYXBhY2hlLmZsaW5rLnRhYmxlLmZ1bmN0aW9ucy5JbXBlcmF0aXZlQWdncmVnYXRlRnVuY3Rpb27yV4D2r81spwIAAHhyADRvcmcuYXBhY2hlLmZsaW5rLnRhYmxlLmZ1bmN0aW9ucy5Vc2VyRGVmaW5lZEZ1bmN0aW9uWWgLCLtDDxYCAAB4cA",
        "bridging" : true
      },
      "argList" : [ 2, 3 ],
      "filterArg" : -1,
      "distinct" : false,
      "approximate" : false,
      "ignoreNulls" : false,
      "type" : "BIGINT"
    } ],
    "window" : {
      "kind" : "SLIDING",
      "alias" : {
        "name" : "w$",
        "type" : {
          "type" : "TIMESTAMP_WITH_LOCAL_TIME_ZONE",
          "nullable" : false,
          "precision" : 3,
          "kind" : "PROCTIME"
        }
      },
      "timeField" : {
        "fieldName" : "proctime",
        "fieldIndex" : 1,
        "inputIndex" : 0,
        "fieldType" : {
          "type" : "TIMESTAMP_WITH_LOCAL_TIME_ZONE",
          "nullable" : false,
          "precision" : 3,
          "kind" : "PROCTIME"
        }
      },
      "isTimeWindow" : true,
      "size" : "PT10M",
      "slide" : "PT5M"
    },
    "namedWindowProperties" : [ ],
    "generateUpdateBefore" : false,
    "needRetraction" : false,
    "inputProperties" : [ {
      "requiredDistribution" : {
        "type" : "UNKNOWN"
      },
      "damBehavior" : "PIPELINED",
      "priority" : 0
    } ],
    "outputType" : "ROW<`b` BIGINT, `EXPR$1` BIGINT>",
    "description" : "PythonGroupWindowAggregate(groupBy=[b], window=[SlidingGroupWindow('w$, proctime, 600000, 300000)], select=[b, pyFunc(a, $f3) AS EXPR$1])"
  }, {
    "context" : "7_stream-exec-sink_1",
    "dynamicTableSink" : {
      "identifier" : "`default_catalog`.`default_database`.`MySink`",
      "catalogTable" : {
        "connector" : "values",
        "schema.0.data-type" : "BIGINT",
        "schema.1.name" : "c",
        "schema.0.name" : "b",
        "schema.1.data-type" : "BIGINT"
      }
    },
    "inputChangelogMode" : [ "INSERT" ],
    "inputProperties" : [ {
      "requiredDistribution" : {
        "type" : "UNKNOWN"
      },
      "damBehavior" : "PIPELINED",
      "priority" : 0
    } ],
    "outputType" : "ROW<`b` BIGINT, `EXPR$1` BIGINT>",
    "description" : "Sink(table=[default_catalog.default_database.MySink], fields=[b, EXPR$1])"
  } ],
  "edges" : [ {
    "source" : 1,
    "target" : 2,
    "shuffle" : {
      "type" : "FORWARD"
    },
    "shuffleMode" : "PIPELINED"
  }, {
    "source" : 2,
    "target" : 3,
    "shuffle" : {
      "type" : "FORWARD"
    },
    "shuffleMode" : "PIPELINED"
  }, {
    "source" : 3,
    "target" : 4,
    "shuffle" : {
      "type" : "FORWARD"
    },
    "shuffleMode" : "PIPELINED"
  }, {
    "source" : 4,
    "target" : 5,
    "shuffle" : {
      "type" : "FORWARD"
    },
    "shuffleMode" : "PIPELINED"
  }, {
    "source" : 5,
    "target" : 6,
    "shuffle" : {
      "type" : "FORWARD"
    },
    "shuffleMode" : "PIPELINED"
  }, {
    "source" : 6,
    "target" : 7,
    "shuffle" : {
      "type" : "FORWARD"
    },
    "shuffleMode" : "PIPELINED"
  } ]
}