{
  "flinkVersion" : "",
  "nodes" : [ {
    "context" : "1_stream-exec-table-source-scan_1",
    "scanTableSource" : {
      "identifier" : "`default_catalog`.`default_database`.`MyTable`",
      "catalogTable" : {
        "schema.3.data-type" : "TIMESTAMP(3)",
        "schema.2.data-type" : "VARCHAR(2147483647)",
        "schema.3.name" : "d",
        "connector" : "values",
        "schema.0.data-type" : "BIGINT",
        "schema.2.name" : "c",
        "schema.1.name" : "b",
        "bounded" : "false",
        "schema.0.name" : "a",
        "schema.1.data-type" : "INT NOT NULL"
      }
    },
    "outputType" : "ROW<`a` BIGINT, `b` INT NOT NULL, `c` VARCHAR(2147483647), `d` TIMESTAMP(3)>",
    "description" : "TableSourceScan(table=[[default_catalog, default_database, MyTable]], fields=[a, b, c, d])",
    "inputProperties" : [ ]
  }, {
    "context" : "2_stream-exec-calc_1",
    "projection" : [ {
      "kind" : "INPUT_REF",
      "inputIndex" : 0,
      "type" : "BIGINT"
    }, {
      "kind" : "INPUT_REF",
      "inputIndex" : 1,
      "type" : "INT NOT NULL"
    } ],
    "condition" : null,
    "inputProperties" : [ {
      "requiredDistribution" : {
        "type" : "UNKNOWN"
      },
      "damBehavior" : "PIPELINED",
      "priority" : 0
    } ],
    "outputType" : "ROW<`a` BIGINT, `b` INT NOT NULL>",
    "description" : "Calc(select=[a, b])"
  }, {
    "context" : "3_stream-exec-exchange_1",
    "inputProperties" : [ {
      "requiredDistribution" : {
        "type" : "HASH",
        "keys" : [ 1 ]
      },
      "damBehavior" : "PIPELINED",
      "priority" : 0
    } ],
    "outputType" : "ROW<`a` BIGINT, `b` INT NOT NULL>",
    "description" : "Exchange(distribution=[hash[b]])"
  }, {
    "context" : "4_stream-exec-rank_1",
    "rankType" : "ROW_NUMBER",
    "partition" : {
      "fields" : [ 1 ]
    },
    "orderBy" : {
      "fields" : [ {
        "index" : 0,
        "isAscending" : true,
        "nullIsLast" : false
      } ]
    },
    "rankRange" : {
      "type" : "Variable",
      "endIndex" : 0
    },
    "rankStrategy" : {
      "type" : "AppendFast"
    },
    "outputRowNumber" : true,
    "generateUpdateBefore" : true,
    "inputProperties" : [ {
      "requiredDistribution" : {
        "type" : "UNKNOWN"
      },
      "damBehavior" : "PIPELINED",
      "priority" : 0
    } ],
    "outputType" : "ROW<`a` BIGINT, `b` INT NOT NULL, `w0$o0` BIGINT NOT NULL>",
    "description" : "Rank(strategy=[AppendFastStrategy], rankType=[ROW_NUMBER], rankRange=[rankEnd=a], partitionBy=[b], orderBy=[a ASC], select=[a, b, w0$o0])"
  }, {
    "context" : "5_stream-exec-calc_1",
    "projection" : [ {
      "kind" : "INPUT_REF",
      "inputIndex" : 0,
      "type" : "BIGINT"
    }, {
      "kind" : "INPUT_REF",
      "inputIndex" : 2,
      "type" : "BIGINT NOT NULL"
    } ],
    "condition" : null,
    "inputProperties" : [ {
      "requiredDistribution" : {
        "type" : "UNKNOWN"
      },
      "damBehavior" : "PIPELINED",
      "priority" : 0
    } ],
    "outputType" : "ROW<`a` BIGINT, `w0$o0` BIGINT NOT NULL>",
    "description" : "Calc(select=[a, w0$o0])"
  }, {
    "context" : "6_stream-exec-sink_1",
    "dynamicTableSink" : {
      "identifier" : "`default_catalog`.`default_database`.`MySink`",
      "catalogTable" : {
        "sink-insert-only" : "false",
        "table-sink-class" : "DEFAULT",
        "connector" : "values",
        "schema.0.data-type" : "BIGINT",
        "schema.1.name" : "b",
        "schema.0.name" : "a",
        "schema.1.data-type" : "BIGINT"
      }
    },
    "inputChangelogMode" : [ "INSERT", "UPDATE_BEFORE", "UPDATE_AFTER", "DELETE" ],
    "inputProperties" : [ {
      "requiredDistribution" : {
        "type" : "UNKNOWN"
      },
      "damBehavior" : "PIPELINED",
      "priority" : 0
    } ],
    "outputType" : "ROW<`a` BIGINT, `w0$o0` BIGINT NOT NULL>",
    "description" : "Sink(table=[default_catalog.default_database.MySink], fields=[a, w0$o0])"
  } ],
  "edges" : [ {
    "source" : 1,
    "target" : 2,
    "shuffle" : {
      "type" : "FORWARD"
    },
    "shuffleMode" : "PIPELINED"
  }, {
    "source" : 2,
    "target" : 3,
    "shuffle" : {
      "type" : "FORWARD"
    },
    "shuffleMode" : "PIPELINED"
  }, {
    "source" : 3,
    "target" : 4,
    "shuffle" : {
      "type" : "FORWARD"
    },
    "shuffleMode" : "PIPELINED"
  }, {
    "source" : 4,
    "target" : 5,
    "shuffle" : {
      "type" : "FORWARD"
    },
    "shuffleMode" : "PIPELINED"
  }, {
    "source" : 5,
    "target" : 6,
    "shuffle" : {
      "type" : "FORWARD"
    },
    "shuffleMode" : "PIPELINED"
  } ]
}