{
  "flinkVersion" : "",
  "nodes" : [ {
    "context" : "1_stream-exec-table-source-scan_1",
    "scanTableSource" : {
      "identifier" : "`default_catalog`.`default_database`.`MyTable`",
      "catalogTable" : {
        "schema.2.data-type" : "VARCHAR(2147483647)",
        "connector" : "values",
        "schema.0.data-type" : "BIGINT",
        "schema.2.name" : "c",
        "schema.1.name" : "b",
        "bounded" : "false",
        "schema.0.name" : "a",
        "schema.1.data-type" : "INT"
      },
      "sourceAbilitySpecs" : [ {
        "type" : "LimitPushDown",
        "limit" : 3
      } ]
    },
    "outputType" : "ROW<`a` BIGINT, `b` INT, `c` VARCHAR(2147483647)>",
    "description" : "TableSourceScan(table=[[default_catalog, default_database, MyTable, limit=[3]]], fields=[a, b, c])",
    "inputProperties" : [ ]
  }, {
    "context" : "2_stream-exec-exchange_1",
    "inputProperties" : [ {
      "requiredDistribution" : {
        "type" : "SINGLETON"
      },
      "damBehavior" : "PIPELINED",
      "priority" : 0
    } ],
    "outputType" : "ROW<`a` BIGINT, `b` INT, `c` VARCHAR(2147483647)>",
    "description" : "Exchange(distribution=[single])"
  }, {
    "context" : "3_stream-exec-limit_1",
    "rankRange" : {
      "type" : "Constant",
      "start" : 1,
      "end" : 3
    },
    "rankStrategy" : {
      "type" : "AppendFast"
    },
    "generateUpdateBefore" : false,
    "inputProperties" : [ {
      "requiredDistribution" : {
        "type" : "UNKNOWN"
      },
      "damBehavior" : "PIPELINED",
      "priority" : 0
    } ],
    "outputType" : "ROW<`a` BIGINT, `b` INT, `c` VARCHAR(2147483647)>",
    "description" : "Limit(offset=[0], fetch=[3])",
    "rankType" : "ROW_NUMBER",
    "partition" : {
      "fields" : [ ]
    },
    "orderBy" : {
      "fields" : [ ]
    },
    "outputRowNumber" : false
  }, {
    "context" : "4_stream-exec-sink_1",
    "dynamicTableSink" : {
      "identifier" : "`default_catalog`.`default_database`.`MySink`",
      "catalogTable" : {
        "table-sink-class" : "DEFAULT",
        "schema.2.data-type" : "VARCHAR(2147483647)",
        "connector" : "values",
        "schema.0.data-type" : "BIGINT",
        "schema.2.name" : "c",
        "schema.1.name" : "b",
        "schema.0.name" : "a",
        "schema.1.data-type" : "INT"
      }
    },
    "inputChangelogMode" : [ "INSERT" ],
    "inputProperties" : [ {
      "requiredDistribution" : {
        "type" : "UNKNOWN"
      },
      "damBehavior" : "PIPELINED",
      "priority" : 0
    } ],
    "outputType" : "ROW<`a` BIGINT, `b` INT, `c` VARCHAR(2147483647)>",
    "description" : "Sink(table=[default_catalog.default_database.MySink], fields=[a, b, c])"
  } ],
  "edges" : [ {
    "source" : 1,
    "target" : 2,
    "shuffle" : {
      "type" : "FORWARD"
    },
    "shuffleMode" : "PIPELINED"
  }, {
    "source" : 2,
    "target" : 3,
    "shuffle" : {
      "type" : "FORWARD"
    },
    "shuffleMode" : "PIPELINED"
  }, {
    "source" : 3,
    "target" : 4,
    "shuffle" : {
      "type" : "FORWARD"
    },
    "shuffleMode" : "PIPELINED"
  } ]
}