{
  "flinkVersion" : "",
  "nodes" : [ {
    "context" : "1_stream-exec-table-source-scan_1",
    "scanTableSource" : {
      "identifier" : "`default_catalog`.`default_database`.`MyTable2`",
      "catalogTable" : {
        "readable-metadata" : "m:STRING",
        "schema.0.data-type" : "BIGINT",
        "schema.2.name" : "c",
        "schema.3.virtual" : "false",
        "schema.1.name" : "b",
        "bounded" : "false",
        "schema.1.data-type" : "INT",
        "schema.3.data-type" : "VARCHAR(2147483647)",
        "schema.3.metadata" : "m",
        "schema.2.data-type" : "VARCHAR(2147483647)",
        "schema.3.name" : "m",
        "connector" : "values",
        "schema.0.name" : "a"
      },
      "sourceAbilitySpecs" : [ {
        "type" : "ProjectPushDown",
        "projectedFields" : [ [ 0 ], [ 1 ] ],
        "producedType" : "ROW<`a` BIGINT, `b` INT> NOT NULL"
      }, {
        "type" : "ReadingMetadata",
        "metadataKeys" : [ "m" ],
        "producedType" : "ROW<`a` BIGINT, `b` INT, `m` VARCHAR(2147483647)> NOT NULL"
      } ]
    },
    "outputType" : "ROW<`a` BIGINT, `b` INT, `m` VARCHAR(2147483647)>",
    "description" : "TableSourceScan(table=[[default_catalog, default_database, MyTable2, project=[a, b], metadata=[m]]], fields=[a, b, m])",
    "inputProperties" : [ ]
  }, {
    "context" : "2_stream-exec-sink_1",
    "dynamicTableSink" : {
      "identifier" : "`default_catalog`.`default_database`.`sink`",
      "catalogTable" : {
        "table-sink-class" : "DEFAULT",
        "schema.2.data-type" : "VARCHAR(2147483647)",
        "connector" : "values",
        "schema.0.data-type" : "BIGINT",
        "schema.2.name" : "m",
        "schema.1.name" : "b",
        "schema.0.name" : "a",
        "schema.1.data-type" : "INT"
      }
    },
    "inputChangelogMode" : [ "INSERT" ],
    "inputProperties" : [ {
      "requiredDistribution" : {
        "type" : "UNKNOWN"
      },
      "damBehavior" : "PIPELINED",
      "priority" : 0
    } ],
    "outputType" : "ROW<`a` BIGINT, `b` INT, `m` VARCHAR(2147483647)>",
    "description" : "Sink(table=[default_catalog.default_database.sink], fields=[a, b, m])"
  } ],
  "edges" : [ {
    "source" : 1,
    "target" : 2,
    "shuffle" : {
      "type" : "FORWARD"
    },
    "shuffleMode" : "PIPELINED"
  } ]
}