{
  "flinkVersion" : "",
  "nodes" : [ {
    "context" : "1_stream-exec-table-source-scan_1",
    "scanTableSource" : {
      "identifier" : "`default_catalog`.`default_database`.`src`",
      "catalogTable" : {
        "schema.2.data-type" : "VARCHAR(2147483647)",
        "connector" : "values",
        "schema.0.data-type" : "BIGINT",
        "schema.2.name" : "c",
        "schema.1.name" : "b",
        "filterable-fields" : "a",
        "bounded" : "false",
        "schema.0.name" : "a",
        "schema.1.data-type" : "INT"
      },
      "sourceAbilitySpecs" : [ {
        "type" : "FilterPushDown",
        "predicates" : [ {
          "kind" : "REX_CALL",
          "operator" : {
            "name" : ">",
            "kind" : "GREATER_THAN",
            "syntax" : "BINARY"
          },
          "operands" : [ {
            "kind" : "INPUT_REF",
            "inputIndex" : 0,
            "type" : "BIGINT"
          }, {
            "kind" : "LITERAL",
            "value" : "0",
            "type" : "INT NOT NULL"
          } ],
          "type" : "BOOLEAN"
        } ]
      } ]
    },
    "outputType" : "ROW<`a` BIGINT, `b` INT, `c` VARCHAR(2147483647)>",
    "description" : "TableSourceScan(table=[[default_catalog, default_database, src, filter=[>(a, 0)]]], fields=[a, b, c])",
    "inputProperties" : [ ]
  }, {
    "context" : "2_stream-exec-sink_1",
    "dynamicTableSink" : {
      "identifier" : "`default_catalog`.`default_database`.`MySink`",
      "catalogTable" : {
        "table-sink-class" : "DEFAULT",
        "schema.2.data-type" : "VARCHAR(2147483647)",
        "connector" : "values",
        "schema.0.data-type" : "BIGINT",
        "schema.2.name" : "c",
        "schema.1.name" : "b",
        "schema.0.name" : "a",
        "schema.1.data-type" : "INT"
      }
    },
    "inputChangelogMode" : [ "INSERT" ],
    "inputProperties" : [ {
      "requiredDistribution" : {
        "type" : "UNKNOWN"
      },
      "damBehavior" : "PIPELINED",
      "priority" : 0
    } ],
    "outputType" : "ROW<`a` BIGINT, `b` INT, `c` VARCHAR(2147483647)>",
    "description" : "Sink(table=[default_catalog.default_database.MySink], fields=[a, b, c])"
  } ],
  "edges" : [ {
    "source" : 1,
    "target" : 2,
    "shuffle" : {
      "type" : "FORWARD"
    },
    "shuffleMode" : "PIPELINED"
  } ]
}