{
  "flinkVersion" : "",
  "nodes" : [ {
    "context" : "1_stream-exec-table-source-scan_1",
    "scanTableSource" : {
      "identifier" : "`default_catalog`.`default_database`.`MyTable`",
      "catalogTable" : {
        "schema.3.data-type" : "BIGINT",
        "schema.2.data-type" : "VARCHAR(2147483647)",
        "schema.3.name" : "d",
        "connector" : "values",
        "schema.0.data-type" : "BIGINT",
        "schema.2.name" : "c",
        "schema.1.name" : "b",
        "bounded" : "false",
        "schema.0.name" : "a",
        "schema.1.data-type" : "INT NOT NULL"
      },
      "sourceAbilitySpecs" : [ {
        "type" : "ProjectPushDown",
        "projectedFields" : [ [ 0 ], [ 1 ], [ 2 ] ],
        "producedType" : "ROW<`a` BIGINT, `b` INT NOT NULL, `c` VARCHAR(2147483647)> NOT NULL"
      }, {
        "type" : "ReadingMetadata",
        "metadataKeys" : [ ],
        "producedType" : "ROW<`a` BIGINT, `b` INT NOT NULL, `c` VARCHAR(2147483647)> NOT NULL"
      } ]
    },
    "outputType" : "ROW<`a` BIGINT, `b` INT NOT NULL, `c` VARCHAR(2147483647)>",
    "description" : "TableSourceScan(table=[[default_catalog, default_database, MyTable, project=[a, b, c], metadata=[]]], fields=[a, b, c])",
    "inputProperties" : [ ]
  }, {
    "context" : "2_stream-exec-mini-batch-assigner_1",
    "miniBatchInterval" : {
      "interval" : 10000,
      "mode" : "ProcTime"
    },
    "inputProperties" : [ {
      "requiredDistribution" : {
        "type" : "UNKNOWN"
      },
      "damBehavior" : "PIPELINED",
      "priority" : 0
    } ],
    "outputType" : "ROW<`a` BIGINT, `b` INT NOT NULL, `c` VARCHAR(2147483647)>",
    "description" : "MiniBatchAssigner(interval=[10000ms], mode=[ProcTime])"
  }, {
    "context" : "3_stream-exec-calc_1",
    "projection" : [ {
      "kind" : "INPUT_REF",
      "inputIndex" : 0,
      "type" : "BIGINT"
    }, {
      "kind" : "INPUT_REF",
      "inputIndex" : 1,
      "type" : "INT NOT NULL"
    }, {
      "kind" : "INPUT_REF",
      "inputIndex" : 2,
      "type" : "VARCHAR(2147483647)"
    }, {
      "kind" : "REX_CALL",
      "operator" : {
        "name" : "IS TRUE",
        "kind" : "IS_TRUE",
        "syntax" : "POSTFIX"
      },
      "operands" : [ {
        "kind" : "REX_CALL",
        "operator" : {
          "name" : ">",
          "kind" : "GREATER_THAN",
          "syntax" : "BINARY"
        },
        "operands" : [ {
          "kind" : "INPUT_REF",
          "inputIndex" : 0,
          "type" : "BIGINT"
        }, {
          "kind" : "LITERAL",
          "value" : "1",
          "type" : "INT NOT NULL"
        } ],
        "type" : "BOOLEAN"
      } ],
      "type" : "BOOLEAN NOT NULL"
    } ],
    "condition" : null,
    "inputProperties" : [ {
      "requiredDistribution" : {
        "type" : "UNKNOWN"
      },
      "damBehavior" : "PIPELINED",
      "priority" : 0
    } ],
    "outputType" : "ROW<`a` BIGINT, `b` INT NOT NULL, `c` VARCHAR(2147483647), `$f3` BOOLEAN NOT NULL>",
    "description" : "Calc(select=[a, b, c, (a > 1) IS TRUE AS $f3])"
  }, {
    "context" : "4_stream-exec-local-group-aggregate_1",
    "grouping" : [ ],
    "aggCalls" : [ {
      "name" : "avg_a",
      "aggFunction" : {
        "name" : "AVG",
        "kind" : "AVG",
        "syntax" : "FUNCTION"
      },
      "argList" : [ 0 ],
      "filterArg" : -1,
      "distinct" : false,
      "approximate" : false,
      "ignoreNulls" : false,
      "type" : "BIGINT"
    }, {
      "name" : "cnt",
      "aggFunction" : {
        "name" : "COUNT",
        "kind" : "COUNT",
        "syntax" : "FUNCTION_STAR"
      },
      "argList" : [ ],
      "filterArg" : -1,
      "distinct" : false,
      "approximate" : false,
      "ignoreNulls" : false,
      "type" : "BIGINT NOT NULL"
    }, {
      "name" : "min_b",
      "aggFunction" : {
        "name" : "MIN",
        "kind" : "MIN",
        "syntax" : "FUNCTION"
      },
      "argList" : [ 1 ],
      "filterArg" : -1,
      "distinct" : false,
      "approximate" : false,
      "ignoreNulls" : false,
      "type" : "INT"
    }, {
      "name" : "max_c",
      "aggFunction" : {
        "name" : "MAX",
        "kind" : "MAX",
        "syntax" : "FUNCTION"
      },
      "argList" : [ 2 ],
      "filterArg" : 3,
      "distinct" : false,
      "approximate" : false,
      "ignoreNulls" : false,
      "type" : "VARCHAR(2147483647)"
    } ],
    "aggCallNeedRetractions" : [ false, false, false, false ],
    "needRetraction" : false,
    "inputProperties" : [ {
      "requiredDistribution" : {
        "type" : "UNKNOWN"
      },
      "damBehavior" : "PIPELINED",
      "priority" : 0
    } ],
    "outputType" : "ROW<`sum$0` BIGINT, `count$1` BIGINT, `count1$2` BIGINT, `min$3` INT, `max$4` VARCHAR(2147483647)>",
    "description" : "LocalGroupAggregate(select=[AVG(a) AS (sum$0, count$1), COUNT(*) AS count1$2, MIN(b) AS min$3, MAX(c) FILTER $f3 AS max$4])"
  }, {
    "context" : "5_stream-exec-exchange_1",
    "inputProperties" : [ {
      "requiredDistribution" : {
        "type" : "SINGLETON"
      },
      "damBehavior" : "PIPELINED",
      "priority" : 0
    } ],
    "outputType" : "ROW<`sum$0` BIGINT, `count$1` BIGINT, `count1$2` BIGINT, `min$3` INT, `max$4` VARCHAR(2147483647)>",
    "description" : "Exchange(distribution=[single])"
  }, {
    "context" : "6_stream-exec-global-group-aggregate_1",
    "grouping" : [ ],
    "aggCalls" : [ {
      "name" : "avg_a",
      "aggFunction" : {
        "name" : "AVG",
        "kind" : "AVG",
        "syntax" : "FUNCTION"
      },
      "argList" : [ 0 ],
      "filterArg" : -1,
      "distinct" : false,
      "approximate" : false,
      "ignoreNulls" : false,
      "type" : "BIGINT"
    }, {
      "name" : "cnt",
      "aggFunction" : {
        "name" : "COUNT",
        "kind" : "COUNT",
        "syntax" : "FUNCTION_STAR"
      },
      "argList" : [ ],
      "filterArg" : -1,
      "distinct" : false,
      "approximate" : false,
      "ignoreNulls" : false,
      "type" : "BIGINT NOT NULL"
    }, {
      "name" : "min_b",
      "aggFunction" : {
        "name" : "MIN",
        "kind" : "MIN",
        "syntax" : "FUNCTION"
      },
      "argList" : [ 1 ],
      "filterArg" : -1,
      "distinct" : false,
      "approximate" : false,
      "ignoreNulls" : false,
      "type" : "INT"
    }, {
      "name" : "max_c",
      "aggFunction" : {
        "name" : "MAX",
        "kind" : "MAX",
        "syntax" : "FUNCTION"
      },
      "argList" : [ 2 ],
      "filterArg" : 3,
      "distinct" : false,
      "approximate" : false,
      "ignoreNulls" : false,
      "type" : "VARCHAR(2147483647)"
    } ],
    "aggCallNeedRetractions" : [ false, false, false, false ],
    "localAggInputRowType" : "ROW<`a` BIGINT, `b` INT NOT NULL, `c` VARCHAR(2147483647), `$f3` BOOLEAN NOT NULL>",
    "generateUpdateBefore" : true,
    "needRetraction" : false,
    "inputProperties" : [ {
      "requiredDistribution" : {
        "type" : "UNKNOWN"
      },
      "damBehavior" : "PIPELINED",
      "priority" : 0
    } ],
    "outputType" : "ROW<`avg_a` BIGINT, `cnt` BIGINT NOT NULL, `min_b` INT, `max_c` VARCHAR(2147483647)>",
    "description" : "GlobalGroupAggregate(select=[AVG((sum$0, count$1)) AS avg_a, COUNT(count1$2) AS cnt, MIN(min$3) AS min_b, MAX(max$4) AS max_c])"
  }, {
    "context" : "7_stream-exec-calc_1",
    "projection" : [ {
      "kind" : "REX_CALL",
      "operator" : {
        "name" : "CAST",
        "kind" : "CAST",
        "syntax" : "SPECIAL"
      },
      "operands" : [ {
        "kind" : "INPUT_REF",
        "inputIndex" : 0,
        "type" : "BIGINT"
      } ],
      "type" : "DOUBLE"
    }, {
      "kind" : "REX_CALL",
      "operator" : {
        "name" : "CAST",
        "kind" : "CAST",
        "syntax" : "SPECIAL"
      },
      "operands" : [ {
        "kind" : "INPUT_REF",
        "inputIndex" : 1,
        "type" : "BIGINT NOT NULL"
      } ],
      "type" : "BIGINT"
    }, {
      "kind" : "REX_CALL",
      "operator" : {
        "name" : "CAST",
        "kind" : "CAST",
        "syntax" : "SPECIAL"
      },
      "operands" : [ {
        "kind" : "INPUT_REF",
        "inputIndex" : 1,
        "type" : "BIGINT NOT NULL"
      } ],
      "type" : "BIGINT"
    }, {
      "kind" : "REX_CALL",
      "operator" : {
        "name" : "CAST",
        "kind" : "CAST",
        "syntax" : "SPECIAL"
      },
      "operands" : [ {
        "kind" : "INPUT_REF",
        "inputIndex" : 2,
        "type" : "INT"
      } ],
      "type" : "BIGINT"
    }, {
      "kind" : "INPUT_REF",
      "inputIndex" : 3,
      "type" : "VARCHAR(2147483647)"
    } ],
    "condition" : null,
    "inputProperties" : [ {
      "requiredDistribution" : {
        "type" : "UNKNOWN"
      },
      "damBehavior" : "PIPELINED",
      "priority" : 0
    } ],
    "outputType" : "ROW<`avg_a` DOUBLE, `cnt` BIGINT, `cnt_b` BIGINT, `min_b` BIGINT, `max_c` VARCHAR(2147483647)>",
    "description" : "Calc(select=[CAST(avg_a AS DOUBLE) AS avg_a, CAST(cnt AS BIGINT) AS cnt, CAST(cnt AS BIGINT) AS cnt_b, CAST(min_b AS BIGINT) AS min_b, max_c])"
  }, {
    "context" : "8_stream-exec-sink_1",
    "dynamicTableSink" : {
      "identifier" : "`default_catalog`.`default_database`.`MySink`",
      "catalogTable" : {
        "sink-insert-only" : "false",
        "schema.0.data-type" : "DOUBLE",
        "schema.2.name" : "cnt_b",
        "schema.1.name" : "cnt",
        "schema.4.name" : "max_c",
        "schema.1.data-type" : "BIGINT",
        "schema.3.data-type" : "BIGINT",
        "table-sink-class" : "DEFAULT",
        "schema.2.data-type" : "BIGINT",
        "schema.3.name" : "min_b",
        "connector" : "values",
        "schema.4.data-type" : "VARCHAR(2147483647)",
        "schema.0.name" : "avg_a"
      }
    },
    "inputChangelogMode" : [ "INSERT", "UPDATE_BEFORE", "UPDATE_AFTER" ],
    "inputProperties" : [ {
      "requiredDistribution" : {
        "type" : "UNKNOWN"
      },
      "damBehavior" : "PIPELINED",
      "priority" : 0
    } ],
    "outputType" : "ROW<`avg_a` DOUBLE, `cnt` BIGINT, `cnt_b` BIGINT, `min_b` BIGINT, `max_c` VARCHAR(2147483647)>",
    "description" : "Sink(table=[default_catalog.default_database.MySink], fields=[avg_a, cnt, cnt_b, min_b, max_c])"
  } ],
  "edges" : [ {
    "source" : 1,
    "target" : 2,
    "shuffle" : {
      "type" : "FORWARD"
    },
    "shuffleMode" : "PIPELINED"
  }, {
    "source" : 2,
    "target" : 3,
    "shuffle" : {
      "type" : "FORWARD"
    },
    "shuffleMode" : "PIPELINED"
  }, {
    "source" : 3,
    "target" : 4,
    "shuffle" : {
      "type" : "FORWARD"
    },
    "shuffleMode" : "PIPELINED"
  }, {
    "source" : 4,
    "target" : 5,
    "shuffle" : {
      "type" : "FORWARD"
    },
    "shuffleMode" : "PIPELINED"
  }, {
    "source" : 5,
    "target" : 6,
    "shuffle" : {
      "type" : "FORWARD"
    },
    "shuffleMode" : "PIPELINED"
  }, {
    "source" : 6,
    "target" : 7,
    "shuffle" : {
      "type" : "FORWARD"
    },
    "shuffleMode" : "PIPELINED"
  }, {
    "source" : 7,
    "target" : 8,
    "shuffle" : {
      "type" : "FORWARD"
    },
    "shuffleMode" : "PIPELINED"
  } ]
}