{
  "flinkVersion" : "",
  "nodes" : [ {
    "context" : "1_stream-exec-table-source-scan_1",
    "scanTableSource" : {
      "identifier" : "`default_catalog`.`default_database`.`WatermarkTable`",
      "catalogTable" : {
        "schema.watermark.0.strategy.expr" : "`c` - INTERVAL '5' SECOND",
        "disable-lookup" : "true",
        "schema.0.data-type" : "BIGINT",
        "schema.2.name" : "c",
        "schema.1.name" : "b",
        "bounded" : "false",
        "schema.1.data-type" : "INT",
        "schema.2.data-type" : "TIMESTAMP(3)",
        "connector" : "values",
        "schema.watermark.0.rowtime" : "c",
        "schema.watermark.0.strategy.data-type" : "TIMESTAMP(3)",
        "enable-watermark-push-down" : "false",
        "schema.0.name" : "a"
      }
    },
    "outputType" : "ROW<`a` BIGINT, `b` INT, `c` TIMESTAMP(3)>",
    "description" : "TableSourceScan(table=[[default_catalog, default_database, WatermarkTable]], fields=[a, b, c])",
    "inputProperties" : [ ]
  }, {
    "context" : "2_stream-exec-watermark-assigner_1",
    "watermarkExpr" : {
      "kind" : "REX_CALL",
      "operator" : {
        "name" : "-",
        "kind" : "MINUS",
        "syntax" : "SPECIAL"
      },
      "operands" : [ {
        "kind" : "INPUT_REF",
        "inputIndex" : 2,
        "type" : "TIMESTAMP(3)"
      }, {
        "kind" : "LITERAL",
        "value" : 5000,
        "type" : "INTERVAL SECOND(6) NOT NULL"
      } ],
      "type" : "TIMESTAMP(3)"
    },
    "rowtimeFieldIndex" : 2,
    "inputProperties" : [ {
      "requiredDistribution" : {
        "type" : "UNKNOWN"
      },
      "damBehavior" : "PIPELINED",
      "priority" : 0
    } ],
    "outputType" : {
      "type" : "ROW",
      "fields" : [ {
        "name" : "a",
        "fieldType" : "BIGINT"
      }, {
        "name" : "b",
        "fieldType" : "INT"
      }, {
        "name" : "c",
        "fieldType" : {
          "type" : "TIMESTAMP_WITHOUT_TIME_ZONE",
          "precision" : 3,
          "kind" : "ROWTIME"
        }
      } ]
    },
    "description" : "WatermarkAssigner(rowtime=[c], watermark=[(c - 5000:INTERVAL SECOND)])"
  }, {
    "context" : "3_stream-exec-sink_1",
    "dynamicTableSink" : {
      "identifier" : "`default_catalog`.`default_database`.`sink`",
      "catalogTable" : {
        "table-sink-class" : "DEFAULT",
        "schema.2.data-type" : "TIMESTAMP(3)",
        "connector" : "values",
        "schema.0.data-type" : "BIGINT",
        "schema.2.name" : "c",
        "schema.1.name" : "b",
        "schema.0.name" : "a",
        "schema.1.data-type" : "INT"
      }
    },
    "inputChangelogMode" : [ "INSERT" ],
    "inputProperties" : [ {
      "requiredDistribution" : {
        "type" : "UNKNOWN"
      },
      "damBehavior" : "PIPELINED",
      "priority" : 0
    } ],
    "outputType" : {
      "type" : "ROW",
      "fields" : [ {
        "name" : "a",
        "fieldType" : "BIGINT"
      }, {
        "name" : "b",
        "fieldType" : "INT"
      }, {
        "name" : "c",
        "fieldType" : {
          "type" : "TIMESTAMP_WITHOUT_TIME_ZONE",
          "precision" : 3,
          "kind" : "ROWTIME"
        }
      } ]
    },
    "description" : "Sink(table=[default_catalog.default_database.sink], fields=[a, b, c])"
  } ],
  "edges" : [ {
    "source" : 1,
    "target" : 2,
    "shuffle" : {
      "type" : "FORWARD"
    },
    "shuffleMode" : "PIPELINED"
  }, {
    "source" : 2,
    "target" : 3,
    "shuffle" : {
      "type" : "FORWARD"
    },
    "shuffleMode" : "PIPELINED"
  } ]
}