{
  "flinkVersion" : "",
  "nodes" : [ {
    "context" : "1_stream-exec-table-source-scan_1",
    "scanTableSource" : {
      "identifier" : "`default_catalog`.`default_database`.`A`",
      "catalogTable" : {
        "schema.2.data-type" : "BIGINT",
        "connector" : "values",
        "schema.0.data-type" : "INT",
        "schema.2.name" : "a3",
        "schema.1.name" : "a2",
        "bounded" : "false",
        "schema.0.name" : "a1",
        "schema.1.data-type" : "BIGINT"
      },
      "sourceAbilitySpecs" : [ {
        "type" : "ProjectPushDown",
        "projectedFields" : [ [ 0 ], [ 1 ] ],
        "producedType" : "ROW<`a1` INT, `a2` BIGINT> NOT NULL"
      }, {
        "type" : "ReadingMetadata",
        "metadataKeys" : [ ],
        "producedType" : "ROW<`a1` INT, `a2` BIGINT> NOT NULL"
      } ]
    },
    "outputType" : "ROW<`a1` INT, `a2` BIGINT>",
    "description" : "TableSourceScan(table=[[default_catalog, default_database, A, project=[a1, a2], metadata=[]]], fields=[a1, a2])",
    "inputProperties" : [ ]
  }, {
    "context" : "2_stream-exec-exchange_1",
    "inputProperties" : [ {
      "requiredDistribution" : {
        "type" : "HASH",
        "keys" : [ 0 ]
      },
      "damBehavior" : "PIPELINED",
      "priority" : 0
    } ],
    "outputType" : "ROW<`a1` INT, `a2` BIGINT>",
    "description" : "Exchange(distribution=[hash[a1]])"
  }, {
    "context" : "3_stream-exec-group-aggregate_1",
    "grouping" : [ 0 ],
    "aggCalls" : [ ],
    "aggCallNeedRetractions" : [ ],
    "generateUpdateBefore" : true,
    "needRetraction" : false,
    "inputProperties" : [ {
      "requiredDistribution" : {
        "type" : "UNKNOWN"
      },
      "damBehavior" : "PIPELINED",
      "priority" : 0
    } ],
    "outputType" : "ROW<`a1` INT>",
    "description" : "GroupAggregate(groupBy=[a1], select=[a1])"
  }, {
    "context" : "4_stream-exec-exchange_1",
    "inputProperties" : [ {
      "requiredDistribution" : {
        "type" : "HASH",
        "keys" : [ 0 ]
      },
      "damBehavior" : "PIPELINED",
      "priority" : 0
    } ],
    "outputType" : "ROW<`a1` INT>",
    "description" : "Exchange(distribution=[hash[a1]])"
  }, {
    "context" : "5_stream-exec-table-source-scan_1",
    "scanTableSource" : {
      "identifier" : "`default_catalog`.`default_database`.`B`",
      "catalogTable" : {
        "schema.2.data-type" : "BIGINT",
        "connector" : "values",
        "schema.0.data-type" : "INT",
        "schema.2.name" : "b3",
        "schema.1.name" : "b2",
        "bounded" : "false",
        "schema.0.name" : "b1",
        "schema.1.data-type" : "BIGINT"
      },
      "sourceAbilitySpecs" : [ {
        "type" : "ProjectPushDown",
        "projectedFields" : [ [ 0 ], [ 1 ] ],
        "producedType" : "ROW<`b1` INT, `b2` BIGINT> NOT NULL"
      }, {
        "type" : "ReadingMetadata",
        "metadataKeys" : [ ],
        "producedType" : "ROW<`b1` INT, `b2` BIGINT> NOT NULL"
      } ]
    },
    "outputType" : "ROW<`b1` INT, `b2` BIGINT>",
    "description" : "TableSourceScan(table=[[default_catalog, default_database, B, project=[b1, b2], metadata=[]]], fields=[b1, b2])",
    "inputProperties" : [ ]
  }, {
    "context" : "6_stream-exec-exchange_1",
    "inputProperties" : [ {
      "requiredDistribution" : {
        "type" : "HASH",
        "keys" : [ 0 ]
      },
      "damBehavior" : "PIPELINED",
      "priority" : 0
    } ],
    "outputType" : "ROW<`b1` INT, `b2` BIGINT>",
    "description" : "Exchange(distribution=[hash[b1]])"
  }, {
    "context" : "7_stream-exec-group-aggregate_1",
    "grouping" : [ 0 ],
    "aggCalls" : [ ],
    "aggCallNeedRetractions" : [ ],
    "generateUpdateBefore" : true,
    "needRetraction" : false,
    "inputProperties" : [ {
      "requiredDistribution" : {
        "type" : "UNKNOWN"
      },
      "damBehavior" : "PIPELINED",
      "priority" : 0
    } ],
    "outputType" : "ROW<`b1` INT>",
    "description" : "GroupAggregate(groupBy=[b1], select=[b1])"
  }, {
    "context" : "8_stream-exec-exchange_1",
    "inputProperties" : [ {
      "requiredDistribution" : {
        "type" : "HASH",
        "keys" : [ 0 ]
      },
      "damBehavior" : "PIPELINED",
      "priority" : 0
    } ],
    "outputType" : "ROW<`b1` INT>",
    "description" : "Exchange(distribution=[hash[b1]])"
  }, {
    "context" : "9_stream-exec-join_1",
    "joinSpec" : {
      "joinType" : "INNER",
      "leftKeys" : [ 0 ],
      "rightKeys" : [ 0 ],
      "filterNulls" : [ true ],
      "nonEquiCondition" : null
    },
    "leftUniqueKeys" : [ [ 0 ] ],
    "rightUniqueKeys" : [ [ 0 ] ],
    "inputProperties" : [ {
      "requiredDistribution" : {
        "type" : "UNKNOWN"
      },
      "damBehavior" : "PIPELINED",
      "priority" : 0
    }, {
      "requiredDistribution" : {
        "type" : "UNKNOWN"
      },
      "damBehavior" : "PIPELINED",
      "priority" : 0
    } ],
    "outputType" : "ROW<`a1` INT, `b1` INT>",
    "description" : "Join(joinType=[InnerJoin], where=[(a1 = b1)], select=[a1, b1], leftInputSpec=[JoinKeyContainsUniqueKey], rightInputSpec=[JoinKeyContainsUniqueKey])"
  }, {
    "context" : "10_stream-exec-sink_1",
    "dynamicTableSink" : {
      "identifier" : "`default_catalog`.`default_database`.`MySink`",
      "catalogTable" : {
        "sink-insert-only" : "false",
        "table-sink-class" : "DEFAULT",
        "connector" : "values",
        "schema.0.data-type" : "INT",
        "schema.1.name" : "b1",
        "schema.0.name" : "a1",
        "schema.1.data-type" : "INT"
      }
    },
    "inputChangelogMode" : [ "INSERT", "UPDATE_BEFORE", "UPDATE_AFTER" ],
    "inputProperties" : [ {
      "requiredDistribution" : {
        "type" : "UNKNOWN"
      },
      "damBehavior" : "PIPELINED",
      "priority" : 0
    } ],
    "outputType" : "ROW<`a1` INT, `b1` INT>",
    "description" : "Sink(table=[default_catalog.default_database.MySink], fields=[a1, b1])"
  } ],
  "edges" : [ {
    "source" : 1,
    "target" : 2,
    "shuffle" : {
      "type" : "FORWARD"
    },
    "shuffleMode" : "PIPELINED"
  }, {
    "source" : 2,
    "target" : 3,
    "shuffle" : {
      "type" : "FORWARD"
    },
    "shuffleMode" : "PIPELINED"
  }, {
    "source" : 3,
    "target" : 4,
    "shuffle" : {
      "type" : "FORWARD"
    },
    "shuffleMode" : "PIPELINED"
  }, {
    "source" : 5,
    "target" : 6,
    "shuffle" : {
      "type" : "FORWARD"
    },
    "shuffleMode" : "PIPELINED"
  }, {
    "source" : 6,
    "target" : 7,
    "shuffle" : {
      "type" : "FORWARD"
    },
    "shuffleMode" : "PIPELINED"
  }, {
    "source" : 7,
    "target" : 8,
    "shuffle" : {
      "type" : "FORWARD"
    },
    "shuffleMode" : "PIPELINED"
  }, {
    "source" : 4,
    "target" : 9,
    "shuffle" : {
      "type" : "FORWARD"
    },
    "shuffleMode" : "PIPELINED"
  }, {
    "source" : 8,
    "target" : 9,
    "shuffle" : {
      "type" : "FORWARD"
    },
    "shuffleMode" : "PIPELINED"
  }, {
    "source" : 9,
    "target" : 10,
    "shuffle" : {
      "type" : "FORWARD"
    },
    "shuffleMode" : "PIPELINED"
  } ]
}