{
  "flinkVersion" : "",
  "nodes" : [ {
    "context" : "1_stream-exec-table-source-scan_1",
    "scanTableSource" : {
      "identifier" : "`default_catalog`.`default_database`.`MyTable`",
      "catalogTable" : {
        "schema.3.data-type" : "TIMESTAMP(3)",
        "schema.2.data-type" : "VARCHAR(2147483647)",
        "schema.3.name" : "d",
        "connector" : "values",
        "schema.0.data-type" : "BIGINT",
        "schema.2.name" : "c",
        "schema.1.name" : "b",
        "bounded" : "false",
        "schema.0.name" : "a",
        "schema.1.data-type" : "INT NOT NULL"
      },
      "sourceAbilitySpecs" : [ {
        "type" : "ProjectPushDown",
        "projectedFields" : [ [ 0 ] ],
        "producedType" : "ROW<`a` BIGINT> NOT NULL"
      }, {
        "type" : "ReadingMetadata",
        "metadataKeys" : [ ],
        "producedType" : "ROW<`a` BIGINT> NOT NULL"
      }, {
        "type" : "LimitPushDown",
        "limit" : 10
      } ]
    },
    "outputType" : "ROW<`a` BIGINT>",
    "description" : "TableSourceScan(table=[[default_catalog, default_database, MyTable, project=[a], metadata=[], limit=[10]]], fields=[a])",
    "inputProperties" : [ ]
  }, {
    "context" : "2_stream-exec-exchange_1",
    "inputProperties" : [ {
      "requiredDistribution" : {
        "type" : "SINGLETON"
      },
      "damBehavior" : "PIPELINED",
      "priority" : 0
    } ],
    "outputType" : "ROW<`a` BIGINT>",
    "description" : "Exchange(distribution=[single])"
  }, {
    "context" : "3_stream-exec-limit_1",
    "rankRange" : {
      "type" : "Constant",
      "start" : 1,
      "end" : 10
    },
    "rankStrategy" : {
      "type" : "AppendFast"
    },
    "generateUpdateBefore" : false,
    "inputProperties" : [ {
      "requiredDistribution" : {
        "type" : "UNKNOWN"
      },
      "damBehavior" : "PIPELINED",
      "priority" : 0
    } ],
    "outputType" : "ROW<`a` BIGINT>",
    "description" : "Limit(offset=[0], fetch=[10])",
    "rankType" : "ROW_NUMBER",
    "partition" : {
      "fields" : [ ]
    },
    "orderBy" : {
      "fields" : [ ]
    },
    "outputRowNumber" : false
  }, {
    "context" : "4_stream-exec-calc_1",
    "projection" : [ {
      "kind" : "INPUT_REF",
      "inputIndex" : 0,
      "type" : "BIGINT"
    }, {
      "kind" : "INPUT_REF",
      "inputIndex" : 0,
      "type" : "BIGINT"
    } ],
    "condition" : null,
    "inputProperties" : [ {
      "requiredDistribution" : {
        "type" : "UNKNOWN"
      },
      "damBehavior" : "PIPELINED",
      "priority" : 0
    } ],
    "outputType" : "ROW<`a` BIGINT, `a0` BIGINT>",
    "description" : "Calc(select=[a, a AS a0])"
  }, {
    "context" : "5_stream-exec-sink_1",
    "dynamicTableSink" : {
      "identifier" : "`default_catalog`.`default_database`.`MySink`",
      "catalogTable" : {
        "sink-insert-only" : "false",
        "table-sink-class" : "DEFAULT",
        "connector" : "values",
        "schema.0.data-type" : "BIGINT",
        "schema.1.name" : "b",
        "schema.0.name" : "a",
        "schema.1.data-type" : "BIGINT"
      }
    },
    "inputChangelogMode" : [ "INSERT" ],
    "inputProperties" : [ {
      "requiredDistribution" : {
        "type" : "UNKNOWN"
      },
      "damBehavior" : "PIPELINED",
      "priority" : 0
    } ],
    "outputType" : "ROW<`a` BIGINT, `a0` BIGINT>",
    "description" : "Sink(table=[default_catalog.default_database.MySink], fields=[a, a0])"
  } ],
  "edges" : [ {
    "source" : 1,
    "target" : 2,
    "shuffle" : {
      "type" : "FORWARD"
    },
    "shuffleMode" : "PIPELINED"
  }, {
    "source" : 2,
    "target" : 3,
    "shuffle" : {
      "type" : "FORWARD"
    },
    "shuffleMode" : "PIPELINED"
  }, {
    "source" : 3,
    "target" : 4,
    "shuffle" : {
      "type" : "FORWARD"
    },
    "shuffleMode" : "PIPELINED"
  }, {
    "source" : 4,
    "target" : 5,
    "shuffle" : {
      "type" : "FORWARD"
    },
    "shuffleMode" : "PIPELINED"
  } ]
}