{
  "flinkVersion" : "",
  "nodes" : [ {
    "context" : "1_stream-exec-table-source-scan_1",
    "scanTableSource" : {
      "identifier" : "`default_catalog`.`default_database`.`srcValuesTable`",
      "catalogTable" : {
        "disable-lookup" : "true",
        "schema.4.expr" : "PROCTIME()",
        "schema.0.data-type" : "BIGINT",
        "schema.2.name" : "product",
        "schema.1.name" : "user",
        "bounded" : "false",
        "schema.4.name" : "proctime",
        "schema.1.data-type" : "VARCHAR(2147483647)",
        "schema.3.data-type" : "TIMESTAMP(3)",
        "schema.2.data-type" : "VARCHAR(2147483647)",
        "schema.3.name" : "order_time",
        "connector" : "values",
        "schema.4.data-type" : "TIMESTAMP(3) WITH LOCAL TIME ZONE NOT NULL",
        "schema.0.name" : "order_id"
      }
    },
    "outputType" : "ROW<`order_id` BIGINT, `user` VARCHAR(2147483647), `product` VARCHAR(2147483647), `order_time` TIMESTAMP(3)>",
    "description" : "TableSourceScan(table=[[default_catalog, default_database, srcValuesTable]], fields=[order_id, user, product, order_time])",
    "inputProperties" : [ ]
  }, {
    "context" : "2_stream-exec-calc_1",
    "projection" : [ {
      "kind" : "INPUT_REF",
      "inputIndex" : 0,
      "type" : "BIGINT"
    }, {
      "kind" : "INPUT_REF",
      "inputIndex" : 1,
      "type" : "VARCHAR(2147483647)"
    }, {
      "kind" : "INPUT_REF",
      "inputIndex" : 2,
      "type" : "VARCHAR(2147483647)"
    }, {
      "kind" : "INPUT_REF",
      "inputIndex" : 3,
      "type" : "TIMESTAMP(3)"
    }, {
      "kind" : "REX_CALL",
      "operator" : {
        "name" : "PROCTIME",
        "kind" : "OTHER_FUNCTION",
        "syntax" : "FUNCTION"
      },
      "operands" : [ ],
      "type" : {
        "type" : "TIMESTAMP_WITH_LOCAL_TIME_ZONE",
        "nullable" : false,
        "precision" : 3,
        "kind" : "PROCTIME"
      }
    } ],
    "condition" : null,
    "inputProperties" : [ {
      "requiredDistribution" : {
        "type" : "UNKNOWN"
      },
      "damBehavior" : "PIPELINED",
      "priority" : 0
    } ],
    "outputType" : {
      "type" : "ROW",
      "fields" : [ {
        "name" : "order_id",
        "fieldType" : "BIGINT"
      }, {
        "name" : "user",
        "fieldType" : "VARCHAR(2147483647)"
      }, {
        "name" : "product",
        "fieldType" : "VARCHAR(2147483647)"
      }, {
        "name" : "order_time",
        "fieldType" : "TIMESTAMP(3)"
      }, {
        "name" : "$4",
        "fieldType" : {
          "type" : "TIMESTAMP_WITH_LOCAL_TIME_ZONE",
          "nullable" : false,
          "precision" : 3,
          "kind" : "PROCTIME"
        }
      } ]
    },
    "description" : "Calc(select=[order_id, user, product, order_time, PROCTIME() AS $4])"
  }, {
    "context" : "3_stream-exec-exchange_1",
    "inputProperties" : [ {
      "requiredDistribution" : {
        "type" : "HASH",
        "keys" : [ 2 ]
      },
      "damBehavior" : "PIPELINED",
      "priority" : 0
    } ],
    "outputType" : {
      "type" : "ROW",
      "fields" : [ {
        "name" : "order_id",
        "fieldType" : "BIGINT"
      }, {
        "name" : "user",
        "fieldType" : "VARCHAR(2147483647)"
      }, {
        "name" : "product",
        "fieldType" : "VARCHAR(2147483647)"
      }, {
        "name" : "order_time",
        "fieldType" : "TIMESTAMP(3)"
      }, {
        "name" : "$4",
        "fieldType" : {
          "type" : "TIMESTAMP_WITH_LOCAL_TIME_ZONE",
          "nullable" : false,
          "precision" : 3,
          "kind" : "PROCTIME"
        }
      } ]
    },
    "description" : "Exchange(distribution=[hash[product]])"
  }, {
    "context" : "4_stream-exec-deduplicate_1",
    "uniqueKeys" : [ 2 ],
    "isRowtime" : false,
    "keepLastRow" : false,
    "generateUpdateBefore" : false,
    "inputProperties" : [ {
      "requiredDistribution" : {
        "type" : "UNKNOWN"
      },
      "damBehavior" : "PIPELINED",
      "priority" : 0
    } ],
    "outputType" : {
      "type" : "ROW",
      "fields" : [ {
        "name" : "order_id",
        "fieldType" : "BIGINT"
      }, {
        "name" : "user",
        "fieldType" : "VARCHAR(2147483647)"
      }, {
        "name" : "product",
        "fieldType" : "VARCHAR(2147483647)"
      }, {
        "name" : "order_time",
        "fieldType" : "TIMESTAMP(3)"
      }, {
        "name" : "$4",
        "fieldType" : {
          "type" : "TIMESTAMP_WITH_LOCAL_TIME_ZONE",
          "nullable" : false,
          "precision" : 3,
          "kind" : "PROCTIME"
        }
      } ]
    },
    "description" : "Deduplicate(keep=[FirstRow], key=[product], order=[PROCTIME])"
  }, {
    "context" : "5_stream-exec-calc_1",
    "projection" : [ {
      "kind" : "INPUT_REF",
      "inputIndex" : 0,
      "type" : "BIGINT"
    }, {
      "kind" : "INPUT_REF",
      "inputIndex" : 1,
      "type" : "VARCHAR(2147483647)"
    }, {
      "kind" : "INPUT_REF",
      "inputIndex" : 2,
      "type" : "VARCHAR(2147483647)"
    }, {
      "kind" : "INPUT_REF",
      "inputIndex" : 3,
      "type" : "TIMESTAMP(3)"
    } ],
    "condition" : null,
    "inputProperties" : [ {
      "requiredDistribution" : {
        "type" : "UNKNOWN"
      },
      "damBehavior" : "PIPELINED",
      "priority" : 0
    } ],
    "outputType" : "ROW<`order_id` BIGINT, `user` VARCHAR(2147483647), `product` VARCHAR(2147483647), `order_time` TIMESTAMP(3)>",
    "description" : "Calc(select=[order_id, user, product, order_time])"
  }, {
    "context" : "6_stream-exec-sink_1",
    "dynamicTableSink" : {
      "identifier" : "`default_catalog`.`default_database`.`sink`",
      "catalogTable" : {
        "schema.3.data-type" : "TIMESTAMP(3)",
        "table-sink-class" : "DEFAULT",
        "schema.2.data-type" : "VARCHAR(2147483647)",
        "schema.3.name" : "order_time",
        "connector" : "values",
        "schema.0.data-type" : "BIGINT",
        "schema.2.name" : "product",
        "schema.1.name" : "user",
        "schema.0.name" : "order_id",
        "schema.1.data-type" : "VARCHAR(2147483647)"
      }
    },
    "inputChangelogMode" : [ "INSERT" ],
    "inputProperties" : [ {
      "requiredDistribution" : {
        "type" : "UNKNOWN"
      },
      "damBehavior" : "PIPELINED",
      "priority" : 0
    } ],
    "outputType" : "ROW<`order_id` BIGINT, `user` VARCHAR(2147483647), `product` VARCHAR(2147483647), `order_time` TIMESTAMP(3)>",
    "description" : "Sink(table=[default_catalog.default_database.sink], fields=[order_id, user, product, order_time])"
  } ],
  "edges" : [ {
    "source" : 1,
    "target" : 2,
    "shuffle" : {
      "type" : "FORWARD"
    },
    "shuffleMode" : "PIPELINED"
  }, {
    "source" : 2,
    "target" : 3,
    "shuffle" : {
      "type" : "FORWARD"
    },
    "shuffleMode" : "PIPELINED"
  }, {
    "source" : 3,
    "target" : 4,
    "shuffle" : {
      "type" : "FORWARD"
    },
    "shuffleMode" : "PIPELINED"
  }, {
    "source" : 4,
    "target" : 5,
    "shuffle" : {
      "type" : "FORWARD"
    },
    "shuffleMode" : "PIPELINED"
  }, {
    "source" : 5,
    "target" : 6,
    "shuffle" : {
      "type" : "FORWARD"
    },
    "shuffleMode" : "PIPELINED"
  } ]
}