{
  "flinkVersion" : "",
  "nodes" : [ {
    "context" : "1_stream-exec-table-source-scan_1",
    "scanTableSource" : {
      "identifier" : "`default_catalog`.`default_database`.`MyTable`",
      "catalogTable" : {
        "schema.watermark.0.strategy.expr" : "`rowtime` - INTERVAL '1' SECOND",
        "schema.4.expr" : "TO_TIMESTAMP(FROM_UNIXTIME(`c`))",
        "schema.0.data-type" : "INT",
        "schema.2.name" : "c",
        "schema.1.name" : "b",
        "bounded" : "false",
        "schema.4.name" : "rowtime",
        "schema.1.data-type" : "VARCHAR(2147483647)",
        "schema.3.data-type" : "TIMESTAMP(3) WITH LOCAL TIME ZONE NOT NULL",
        "schema.2.data-type" : "BIGINT",
        "schema.3.name" : "proctime",
        "connector" : "values",
        "schema.watermark.0.rowtime" : "rowtime",
        "schema.watermark.0.strategy.data-type" : "TIMESTAMP(3)",
        "schema.3.expr" : "PROCTIME()",
        "schema.4.data-type" : "TIMESTAMP(3)",
        "schema.0.name" : "a"
      }
    },
    "outputType" : "ROW<`a` INT, `b` VARCHAR(2147483647), `c` BIGINT>",
    "description" : "TableSourceScan(table=[[default_catalog, default_database, MyTable]], fields=[a, b, c])",
    "inputProperties" : [ ]
  }, {
    "context" : "2_stream-exec-calc_1",
    "projection" : [ {
      "kind" : "INPUT_REF",
      "inputIndex" : 0,
      "type" : "INT"
    }, {
      "kind" : "INPUT_REF",
      "inputIndex" : 1,
      "type" : "VARCHAR(2147483647)"
    }, {
      "kind" : "INPUT_REF",
      "inputIndex" : 2,
      "type" : "BIGINT"
    }, {
      "kind" : "REX_CALL",
      "operator" : {
        "name" : "PROCTIME",
        "kind" : "OTHER_FUNCTION",
        "syntax" : "FUNCTION"
      },
      "operands" : [ ],
      "type" : {
        "type" : "TIMESTAMP_WITH_LOCAL_TIME_ZONE",
        "nullable" : false,
        "precision" : 3,
        "kind" : "PROCTIME"
      }
    }, {
      "kind" : "REX_CALL",
      "operator" : {
        "name" : "TO_TIMESTAMP",
        "kind" : "OTHER_FUNCTION",
        "syntax" : "FUNCTION"
      },
      "operands" : [ {
        "kind" : "REX_CALL",
        "operator" : {
          "name" : "FROM_UNIXTIME",
          "kind" : "OTHER_FUNCTION",
          "syntax" : "FUNCTION"
        },
        "operands" : [ {
          "kind" : "INPUT_REF",
          "inputIndex" : 2,
          "type" : "BIGINT"
        } ],
        "type" : "VARCHAR(2147483647)"
      } ],
      "type" : "TIMESTAMP(3)"
    } ],
    "condition" : null,
    "inputProperties" : [ {
      "requiredDistribution" : {
        "type" : "UNKNOWN"
      },
      "damBehavior" : "PIPELINED",
      "priority" : 0
    } ],
    "outputType" : {
      "type" : "ROW",
      "fields" : [ {
        "name" : "a",
        "fieldType" : "INT"
      }, {
        "name" : "b",
        "fieldType" : "VARCHAR(2147483647)"
      }, {
        "name" : "c",
        "fieldType" : "BIGINT"
      }, {
        "name" : "proctime",
        "fieldType" : {
          "type" : "TIMESTAMP_WITH_LOCAL_TIME_ZONE",
          "nullable" : false,
          "precision" : 3,
          "kind" : "PROCTIME"
        }
      }, {
        "name" : "rowtime",
        "fieldType" : "TIMESTAMP(3)"
      } ]
    },
    "description" : "Calc(select=[a, b, c, PROCTIME() AS proctime, TO_TIMESTAMP(FROM_UNIXTIME(c)) AS rowtime])"
  }, {
    "context" : "3_stream-exec-watermark-assigner_1",
    "watermarkExpr" : {
      "kind" : "REX_CALL",
      "operator" : {
        "name" : "-",
        "kind" : "MINUS",
        "syntax" : "SPECIAL"
      },
      "operands" : [ {
        "kind" : "INPUT_REF",
        "inputIndex" : 4,
        "type" : "TIMESTAMP(3)"
      }, {
        "kind" : "LITERAL",
        "value" : 1000,
        "type" : "INTERVAL SECOND(6) NOT NULL"
      } ],
      "type" : "TIMESTAMP(3)"
    },
    "rowtimeFieldIndex" : 4,
    "inputProperties" : [ {
      "requiredDistribution" : {
        "type" : "UNKNOWN"
      },
      "damBehavior" : "PIPELINED",
      "priority" : 0
    } ],
    "outputType" : {
      "type" : "ROW",
      "fields" : [ {
        "name" : "a",
        "fieldType" : "INT"
      }, {
        "name" : "b",
        "fieldType" : "VARCHAR(2147483647)"
      }, {
        "name" : "c",
        "fieldType" : "BIGINT"
      }, {
        "name" : "proctime",
        "fieldType" : {
          "type" : "TIMESTAMP_WITH_LOCAL_TIME_ZONE",
          "nullable" : false,
          "precision" : 3,
          "kind" : "PROCTIME"
        }
      }, {
        "name" : "rowtime",
        "fieldType" : {
          "type" : "TIMESTAMP_WITHOUT_TIME_ZONE",
          "precision" : 3,
          "kind" : "ROWTIME"
        }
      } ]
    },
    "description" : "WatermarkAssigner(rowtime=[rowtime], watermark=[(rowtime - 1000:INTERVAL SECOND)])"
  }, {
    "context" : "4_stream-exec-lookup-join_1",
    "joinType" : "INNER",
    "joinCondition" : null,
    "temporalTable" : {
      "lookupTableSource" : {
        "identifier" : "`default_catalog`.`default_database`.`LookupTable`",
        "catalogTable" : {
          "schema.2.data-type" : "INT",
          "connector" : "values",
          "schema.0.data-type" : "INT",
          "schema.2.name" : "age",
          "schema.1.name" : "name",
          "bounded" : "false",
          "schema.0.name" : "id",
          "schema.1.data-type" : "VARCHAR(2147483647)"
        }
      },
      "outputType" : "ROW<`id` INT, `name` VARCHAR(2147483647), `age` INT> NOT NULL"
    },
    "lookupKeys" : {
      "0" : {
        "type" : "FieldRef",
        "index" : 0
      }
    },
    "projectionOnTemporalTable" : null,
    "filterOnTemporalTable" : null,
    "inputProperties" : [ {
      "requiredDistribution" : {
        "type" : "UNKNOWN"
      },
      "damBehavior" : "PIPELINED",
      "priority" : 0
    } ],
    "outputType" : {
      "type" : "ROW",
      "fields" : [ {
        "name" : "a",
        "fieldType" : "INT"
      }, {
        "name" : "b",
        "fieldType" : "VARCHAR(2147483647)"
      }, {
        "name" : "c",
        "fieldType" : "BIGINT"
      }, {
        "name" : "proctime",
        "fieldType" : {
          "type" : "TIMESTAMP_WITH_LOCAL_TIME_ZONE",
          "nullable" : false,
          "precision" : 3,
          "kind" : "PROCTIME"
        }
      }, {
        "name" : "rowtime",
        "fieldType" : {
          "type" : "TIMESTAMP_WITHOUT_TIME_ZONE",
          "precision" : 3,
          "kind" : "ROWTIME"
        }
      }, {
        "name" : "id",
        "fieldType" : "INT"
      }, {
        "name" : "name",
        "fieldType" : "VARCHAR(2147483647)"
      }, {
        "name" : "age",
        "fieldType" : "INT"
      } ]
    },
    "description" : "LookupJoin(table=[default_catalog.default_database.LookupTable], joinType=[InnerJoin], async=[false], lookup=[id=a], select=[a, b, c, proctime, rowtime, id, name, age])"
  }, {
    "context" : "5_stream-exec-calc_1",
    "projection" : [ {
      "kind" : "INPUT_REF",
      "inputIndex" : 0,
      "type" : "INT"
    }, {
      "kind" : "INPUT_REF",
      "inputIndex" : 1,
      "type" : "VARCHAR(2147483647)"
    }, {
      "kind" : "INPUT_REF",
      "inputIndex" : 2,
      "type" : "BIGINT"
    }, {
      "kind" : "REX_CALL",
      "operator" : {
        "name" : "CAST",
        "kind" : "CAST",
        "syntax" : "SPECIAL"
      },
      "operands" : [ {
        "kind" : "REX_CALL",
        "operator" : {
          "name" : "PROCTIME_MATERIALIZE",
          "kind" : "OTHER_FUNCTION",
          "syntax" : "FUNCTION"
        },
        "operands" : [ {
          "kind" : "INPUT_REF",
          "inputIndex" : 3,
          "type" : {
            "type" : "TIMESTAMP_WITH_LOCAL_TIME_ZONE",
            "nullable" : false,
            "precision" : 3,
            "kind" : "PROCTIME"
          }
        } ],
        "type" : "TIMESTAMP(3) WITH LOCAL TIME ZONE NOT NULL"
      } ],
      "type" : "TIMESTAMP(3)"
    }, {
      "kind" : "REX_CALL",
      "operator" : {
        "name" : "CAST",
        "kind" : "CAST",
        "syntax" : "SPECIAL"
      },
      "operands" : [ {
        "kind" : "INPUT_REF",
        "inputIndex" : 4,
        "type" : {
          "type" : "TIMESTAMP_WITHOUT_TIME_ZONE",
          "precision" : 3,
          "kind" : "ROWTIME"
        }
      } ],
      "type" : "TIMESTAMP(3)"
    }, {
      "kind" : "INPUT_REF",
      "inputIndex" : 5,
      "type" : "INT"
    }, {
      "kind" : "INPUT_REF",
      "inputIndex" : 6,
      "type" : "VARCHAR(2147483647)"
    }, {
      "kind" : "INPUT_REF",
      "inputIndex" : 7,
      "type" : "INT"
    } ],
    "condition" : null,
    "inputProperties" : [ {
      "requiredDistribution" : {
        "type" : "UNKNOWN"
      },
      "damBehavior" : "PIPELINED",
      "priority" : 0
    } ],
    "outputType" : "ROW<`a` INT, `b` VARCHAR(2147483647), `c` BIGINT, `proctime` TIMESTAMP(3), `rowtime` TIMESTAMP(3), `id` INT, `name` VARCHAR(2147483647), `age` INT>",
    "description" : "Calc(select=[a, b, c, CAST(PROCTIME_MATERIALIZE(proctime) AS TIMESTAMP(3)) AS proctime, CAST(rowtime AS TIMESTAMP(3)) AS rowtime, id, name, age])"
  }, {
    "context" : "6_stream-exec-sink_1",
    "dynamicTableSink" : {
      "identifier" : "`default_catalog`.`default_database`.`MySink`",
      "catalogTable" : {
        "schema.5.name" : "id",
        "schema.7.data-type" : "INT",
        "schema.0.data-type" : "INT",
        "schema.2.name" : "c",
        "schema.1.name" : "b",
        "schema.6.data-type" : "VARCHAR(2147483647)",
        "schema.4.name" : "rowtime",
        "schema.1.data-type" : "VARCHAR(2147483647)",
        "schema.3.data-type" : "TIMESTAMP(3)",
        "table-sink-class" : "DEFAULT",
        "schema.2.data-type" : "BIGINT",
        "schema.3.name" : "proctime",
        "schema.7.name" : "age",
        "connector" : "values",
        "schema.6.name" : "name",
        "schema.5.data-type" : "INT",
        "schema.4.data-type" : "TIMESTAMP(3)",
        "schema.0.name" : "a"
      }
    },
    "inputChangelogMode" : [ "INSERT" ],
    "inputProperties" : [ {
      "requiredDistribution" : {
        "type" : "UNKNOWN"
      },
      "damBehavior" : "PIPELINED",
      "priority" : 0
    } ],
    "outputType" : "ROW<`a` INT, `b` VARCHAR(2147483647), `c` BIGINT, `proctime` TIMESTAMP(3), `rowtime` TIMESTAMP(3), `id` INT, `name` VARCHAR(2147483647), `age` INT>",
    "description" : "Sink(table=[default_catalog.default_database.MySink], fields=[a, b, c, proctime, rowtime, id, name, age])"
  } ],
  "edges" : [ {
    "source" : 1,
    "target" : 2,
    "shuffle" : {
      "type" : "FORWARD"
    },
    "shuffleMode" : "PIPELINED"
  }, {
    "source" : 2,
    "target" : 3,
    "shuffle" : {
      "type" : "FORWARD"
    },
    "shuffleMode" : "PIPELINED"
  }, {
    "source" : 3,
    "target" : 4,
    "shuffle" : {
      "type" : "FORWARD"
    },
    "shuffleMode" : "PIPELINED"
  }, {
    "source" : 4,
    "target" : 5,
    "shuffle" : {
      "type" : "FORWARD"
    },
    "shuffleMode" : "PIPELINED"
  }, {
    "source" : 5,
    "target" : 6,
    "shuffle" : {
      "type" : "FORWARD"
    },
    "shuffleMode" : "PIPELINED"
  } ]
}