{
  "flinkVersion" : "",
  "nodes" : [ {
    "context" : "1_stream-exec-table-source-scan_1",
    "scanTableSource" : {
      "identifier" : "`default_catalog`.`default_database`.`MyTable`",
      "catalogTable" : {
        "schema.watermark.0.strategy.expr" : "`rowtime` - INTERVAL '1' SECOND",
        "schema.4.expr" : "PROCTIME()",
        "schema.0.data-type" : "INT",
        "schema.2.name" : "c",
        "schema.1.name" : "b",
        "schema.4.name" : "proctime",
        "schema.1.data-type" : "BIGINT",
        "schema.3.data-type" : "TIMESTAMP(3)",
        "schema.2.data-type" : "VARCHAR(2147483647)",
        "schema.3.name" : "rowtime",
        "connector" : "values",
        "schema.watermark.0.rowtime" : "rowtime",
        "schema.watermark.0.strategy.data-type" : "TIMESTAMP(3)",
        "schema.3.expr" : "TO_TIMESTAMP(`c`)",
        "schema.4.data-type" : "TIMESTAMP(3) WITH LOCAL TIME ZONE NOT NULL",
        "schema.0.name" : "a"
      },
      "sourceAbilitySpecs" : [ {
        "type" : "ProjectPushDown",
        "projectedFields" : [ [ 0 ], [ 2 ] ],
        "producedType" : "ROW<`a` INT, `c` VARCHAR(2147483647)> NOT NULL"
      }, {
        "type" : "ReadingMetadata",
        "metadataKeys" : [ ],
        "producedType" : "ROW<`a` INT, `c` VARCHAR(2147483647)> NOT NULL"
      } ]
    },
    "outputType" : "ROW<`a` INT, `c` VARCHAR(2147483647)>",
    "description" : "TableSourceScan(table=[[default_catalog, default_database, MyTable, project=[a, c], metadata=[]]], fields=[a, c])",
    "inputProperties" : [ ]
  }, {
    "context" : "2_stream-exec-calc_1",
    "projection" : [ {
      "kind" : "INPUT_REF",
      "inputIndex" : 0,
      "type" : "INT"
    }, {
      "kind" : "REX_CALL",
      "operator" : {
        "name" : "TO_TIMESTAMP",
        "kind" : "OTHER_FUNCTION",
        "syntax" : "FUNCTION"
      },
      "operands" : [ {
        "kind" : "INPUT_REF",
        "inputIndex" : 1,
        "type" : "VARCHAR(2147483647)"
      } ],
      "type" : "TIMESTAMP(3)"
    }, {
      "kind" : "INPUT_REF",
      "inputIndex" : 1,
      "type" : "VARCHAR(2147483647)"
    } ],
    "condition" : null,
    "inputProperties" : [ {
      "requiredDistribution" : {
        "type" : "UNKNOWN"
      },
      "damBehavior" : "PIPELINED",
      "priority" : 0
    } ],
    "outputType" : "ROW<`a` INT, `rowtime` TIMESTAMP(3), `c` VARCHAR(2147483647)>",
    "description" : "Calc(select=[a, TO_TIMESTAMP(c) AS rowtime, c])"
  }, {
    "context" : "3_stream-exec-watermark-assigner_1",
    "watermarkExpr" : {
      "kind" : "REX_CALL",
      "operator" : {
        "name" : "-",
        "kind" : "MINUS",
        "syntax" : "SPECIAL"
      },
      "operands" : [ {
        "kind" : "INPUT_REF",
        "inputIndex" : 1,
        "type" : "TIMESTAMP(3)"
      }, {
        "kind" : "LITERAL",
        "value" : 1000,
        "type" : "INTERVAL SECOND(6) NOT NULL"
      } ],
      "type" : "TIMESTAMP(3)"
    },
    "rowtimeFieldIndex" : 1,
    "inputProperties" : [ {
      "requiredDistribution" : {
        "type" : "UNKNOWN"
      },
      "damBehavior" : "PIPELINED",
      "priority" : 0
    } ],
    "outputType" : {
      "type" : "ROW",
      "fields" : [ {
        "name" : "a",
        "fieldType" : "INT"
      }, {
        "name" : "rowtime",
        "fieldType" : {
          "type" : "TIMESTAMP_WITHOUT_TIME_ZONE",
          "precision" : 3,
          "kind" : "ROWTIME"
        }
      }, {
        "name" : "c",
        "fieldType" : "VARCHAR(2147483647)"
      } ]
    },
    "description" : "WatermarkAssigner(rowtime=[rowtime], watermark=[(rowtime - 1000:INTERVAL SECOND)])"
  }, {
    "context" : "4_stream-exec-exchange_1",
    "inputProperties" : [ {
      "requiredDistribution" : {
        "type" : "SINGLETON"
      },
      "damBehavior" : "PIPELINED",
      "priority" : 0
    } ],
    "outputType" : {
      "type" : "ROW",
      "fields" : [ {
        "name" : "a",
        "fieldType" : "INT"
      }, {
        "name" : "rowtime",
        "fieldType" : {
          "type" : "TIMESTAMP_WITHOUT_TIME_ZONE",
          "precision" : 3,
          "kind" : "ROWTIME"
        }
      }, {
        "name" : "c",
        "fieldType" : "VARCHAR(2147483647)"
      } ]
    },
    "description" : "Exchange(distribution=[single])"
  }, {
    "context" : "5_stream-exec-temporal-sort_1",
    "orderBy" : {
      "fields" : [ {
        "index" : 1,
        "isAscending" : true,
        "nullIsLast" : false
      }, {
        "index" : 2,
        "isAscending" : true,
        "nullIsLast" : false
      } ]
    },
    "inputProperties" : [ {
      "requiredDistribution" : {
        "type" : "UNKNOWN"
      },
      "damBehavior" : "PIPELINED",
      "priority" : 0
    } ],
    "outputType" : {
      "type" : "ROW",
      "fields" : [ {
        "name" : "a",
        "fieldType" : "INT"
      }, {
        "name" : "rowtime",
        "fieldType" : {
          "type" : "TIMESTAMP_WITHOUT_TIME_ZONE",
          "precision" : 3,
          "kind" : "ROWTIME"
        }
      }, {
        "name" : "c",
        "fieldType" : "VARCHAR(2147483647)"
      } ]
    },
    "description" : "TemporalSort(orderBy=[rowtime ASC, c ASC])"
  }, {
    "context" : "6_stream-exec-calc_1",
    "projection" : [ {
      "kind" : "INPUT_REF",
      "inputIndex" : 0,
      "type" : "INT"
    } ],
    "condition" : null,
    "inputProperties" : [ {
      "requiredDistribution" : {
        "type" : "UNKNOWN"
      },
      "damBehavior" : "PIPELINED",
      "priority" : 0
    } ],
    "outputType" : "ROW<`a` INT>",
    "description" : "Calc(select=[a])"
  }, {
    "context" : "7_stream-exec-sink_1",
    "dynamicTableSink" : {
      "identifier" : "`default_catalog`.`default_database`.`MySink`",
      "catalogTable" : {
        "connector" : "values",
        "schema.0.data-type" : "INT",
        "schema.0.name" : "a"
      }
    },
    "inputChangelogMode" : [ "INSERT" ],
    "inputProperties" : [ {
      "requiredDistribution" : {
        "type" : "UNKNOWN"
      },
      "damBehavior" : "PIPELINED",
      "priority" : 0
    } ],
    "outputType" : "ROW<`a` INT>",
    "description" : "Sink(table=[default_catalog.default_database.MySink], fields=[a])"
  } ],
  "edges" : [ {
    "source" : 1,
    "target" : 2,
    "shuffle" : {
      "type" : "FORWARD"
    },
    "shuffleMode" : "PIPELINED"
  }, {
    "source" : 2,
    "target" : 3,
    "shuffle" : {
      "type" : "FORWARD"
    },
    "shuffleMode" : "PIPELINED"
  }, {
    "source" : 3,
    "target" : 4,
    "shuffle" : {
      "type" : "FORWARD"
    },
    "shuffleMode" : "PIPELINED"
  }, {
    "source" : 4,
    "target" : 5,
    "shuffle" : {
      "type" : "FORWARD"
    },
    "shuffleMode" : "PIPELINED"
  }, {
    "source" : 5,
    "target" : 6,
    "shuffle" : {
      "type" : "FORWARD"
    },
    "shuffleMode" : "PIPELINED"
  }, {
    "source" : 6,
    "target" : 7,
    "shuffle" : {
      "type" : "FORWARD"
    },
    "shuffleMode" : "PIPELINED"
  } ]
}