{
  "flinkVersion" : "",
  "nodes" : [ {
    "context" : "1_stream-exec-table-source-scan_1",
    "scanTableSource" : {
      "identifier" : "`default_catalog`.`default_database`.`MyTable`",
      "catalogTable" : {
        "schema.watermark.0.strategy.expr" : "`rowtime` - INTERVAL '1' SECOND",
        "schema.4.expr" : "PROCTIME()",
        "schema.0.data-type" : "INT",
        "schema.2.name" : "c",
        "schema.1.name" : "b",
        "schema.4.name" : "proctime",
        "schema.1.data-type" : "BIGINT",
        "schema.3.data-type" : "TIMESTAMP(3)",
        "schema.2.data-type" : "VARCHAR(2147483647)",
        "schema.3.name" : "rowtime",
        "connector" : "values",
        "schema.watermark.0.rowtime" : "rowtime",
        "schema.watermark.0.strategy.data-type" : "TIMESTAMP(3)",
        "schema.3.expr" : "TO_TIMESTAMP(`c`)",
        "schema.4.data-type" : "TIMESTAMP(3) WITH LOCAL TIME ZONE NOT NULL",
        "schema.0.name" : "a"
      }
    },
    "outputType" : "ROW<`a` INT, `b` BIGINT, `c` VARCHAR(2147483647)>",
    "description" : "TableSourceScan(table=[[default_catalog, default_database, MyTable]], fields=[a, b, c])",
    "inputProperties" : [ ]
  }, {
    "context" : "2_stream-exec-calc_1",
    "projection" : [ {
      "kind" : "INPUT_REF",
      "inputIndex" : 0,
      "type" : "INT"
    }, {
      "kind" : "INPUT_REF",
      "inputIndex" : 1,
      "type" : "BIGINT"
    }, {
      "kind" : "INPUT_REF",
      "inputIndex" : 2,
      "type" : "VARCHAR(2147483647)"
    }, {
      "kind" : "REX_CALL",
      "operator" : {
        "name" : "TO_TIMESTAMP",
        "kind" : "OTHER_FUNCTION",
        "syntax" : "FUNCTION"
      },
      "operands" : [ {
        "kind" : "INPUT_REF",
        "inputIndex" : 2,
        "type" : "VARCHAR(2147483647)"
      } ],
      "type" : "TIMESTAMP(3)"
    } ],
    "condition" : null,
    "inputProperties" : [ {
      "requiredDistribution" : {
        "type" : "UNKNOWN"
      },
      "damBehavior" : "PIPELINED",
      "priority" : 0
    } ],
    "outputType" : "ROW<`a` INT, `b` BIGINT, `c` VARCHAR(2147483647), `rowtime` TIMESTAMP(3)>",
    "description" : "Calc(select=[a, b, c, TO_TIMESTAMP(c) AS rowtime])"
  }, {
    "context" : "3_stream-exec-watermark-assigner_1",
    "watermarkExpr" : {
      "kind" : "REX_CALL",
      "operator" : {
        "name" : "-",
        "kind" : "MINUS",
        "syntax" : "SPECIAL"
      },
      "operands" : [ {
        "kind" : "INPUT_REF",
        "inputIndex" : 3,
        "type" : "TIMESTAMP(3)"
      }, {
        "kind" : "LITERAL",
        "value" : 1000,
        "type" : "INTERVAL SECOND(6) NOT NULL"
      } ],
      "type" : "TIMESTAMP(3)"
    },
    "rowtimeFieldIndex" : 3,
    "inputProperties" : [ {
      "requiredDistribution" : {
        "type" : "UNKNOWN"
      },
      "damBehavior" : "PIPELINED",
      "priority" : 0
    } ],
    "outputType" : {
      "type" : "ROW",
      "fields" : [ {
        "name" : "a",
        "fieldType" : "INT"
      }, {
        "name" : "b",
        "fieldType" : "BIGINT"
      }, {
        "name" : "c",
        "fieldType" : "VARCHAR(2147483647)"
      }, {
        "name" : "rowtime",
        "fieldType" : {
          "type" : "TIMESTAMP_WITHOUT_TIME_ZONE",
          "precision" : 3,
          "kind" : "ROWTIME"
        }
      } ]
    },
    "description" : "WatermarkAssigner(rowtime=[rowtime], watermark=[(rowtime - 1000:INTERVAL SECOND)])"
  }, {
    "context" : "4_stream-exec-calc_1",
    "projection" : [ {
      "kind" : "INPUT_REF",
      "inputIndex" : 1,
      "type" : "BIGINT"
    }, {
      "kind" : "INPUT_REF",
      "inputIndex" : 2,
      "type" : "VARCHAR(2147483647)"
    }, {
      "kind" : "INPUT_REF",
      "inputIndex" : 0,
      "type" : "INT"
    }, {
      "kind" : "INPUT_REF",
      "inputIndex" : 3,
      "type" : {
        "type" : "TIMESTAMP_WITHOUT_TIME_ZONE",
        "precision" : 3,
        "kind" : "ROWTIME"
      }
    } ],
    "condition" : null,
    "inputProperties" : [ {
      "requiredDistribution" : {
        "type" : "UNKNOWN"
      },
      "damBehavior" : "PIPELINED",
      "priority" : 0
    } ],
    "outputType" : {
      "type" : "ROW",
      "fields" : [ {
        "name" : "b",
        "fieldType" : "BIGINT"
      }, {
        "name" : "c",
        "fieldType" : "VARCHAR(2147483647)"
      }, {
        "name" : "a",
        "fieldType" : "INT"
      }, {
        "name" : "rowtime",
        "fieldType" : {
          "type" : "TIMESTAMP_WITHOUT_TIME_ZONE",
          "precision" : 3,
          "kind" : "ROWTIME"
        }
      } ]
    },
    "description" : "Calc(select=[b, c, a, rowtime])"
  }, {
    "context" : "5_stream-exec-local-window-aggregate_1",
    "grouping" : [ 0 ],
    "aggCalls" : [ {
      "name" : "EXPR$1",
      "aggFunction" : {
        "name" : "COUNT",
        "kind" : "COUNT",
        "syntax" : "FUNCTION_STAR"
      },
      "argList" : [ 1 ],
      "filterArg" : -1,
      "distinct" : false,
      "approximate" : false,
      "ignoreNulls" : false,
      "type" : "BIGINT NOT NULL"
    }, {
      "name" : "EXPR$2",
      "aggFunction" : {
        "name" : "SUM",
        "kind" : "SUM",
        "syntax" : "FUNCTION"
      },
      "argList" : [ 2 ],
      "filterArg" : -1,
      "distinct" : false,
      "approximate" : false,
      "ignoreNulls" : false,
      "type" : "INT"
    } ],
    "windowing" : {
      "strategy" : "TimeAttribute",
      "window" : {
        "type" : "HoppingWindow",
        "size" : "PT10S",
        "slide" : "PT5S"
      },
      "timeAttributeType" : {
        "type" : "TIMESTAMP_WITHOUT_TIME_ZONE",
        "precision" : 3,
        "kind" : "ROWTIME"
      },
      "timeAttributeIndex" : 3,
      "isRowtime" : true
    },
    "inputProperties" : [ {
      "requiredDistribution" : {
        "type" : "UNKNOWN"
      },
      "damBehavior" : "PIPELINED",
      "priority" : 0
    } ],
    "outputType" : "ROW<`b` BIGINT, `count$0` BIGINT, `sum$1` INT, `count1$2` BIGINT, `$slice_end` BIGINT>",
    "description" : "LocalWindowAggregate(groupBy=[b], window=[HOP(time_col=[rowtime], size=[10 s], slide=[5 s])], select=[b, COUNT(c) AS count$0, SUM(a) AS sum$1, COUNT(*) AS count1$2, slice_end('w$) AS $slice_end])"
  }, {
    "context" : "6_stream-exec-exchange_1",
    "inputProperties" : [ {
      "requiredDistribution" : {
        "type" : "HASH",
        "keys" : [ 0 ]
      },
      "damBehavior" : "PIPELINED",
      "priority" : 0
    } ],
    "outputType" : "ROW<`b` BIGINT, `count$0` BIGINT, `sum$1` INT, `count1$2` BIGINT, `$slice_end` BIGINT>",
    "description" : "Exchange(distribution=[hash[b]])"
  }, {
    "context" : "7_stream-exec-global-window-aggregate_1",
    "grouping" : [ 0 ],
    "aggCalls" : [ {
      "name" : "EXPR$1",
      "aggFunction" : {
        "name" : "COUNT",
        "kind" : "COUNT",
        "syntax" : "FUNCTION_STAR"
      },
      "argList" : [ 1 ],
      "filterArg" : -1,
      "distinct" : false,
      "approximate" : false,
      "ignoreNulls" : false,
      "type" : "BIGINT NOT NULL"
    }, {
      "name" : "EXPR$2",
      "aggFunction" : {
        "name" : "SUM",
        "kind" : "SUM",
        "syntax" : "FUNCTION"
      },
      "argList" : [ 2 ],
      "filterArg" : -1,
      "distinct" : false,
      "approximate" : false,
      "ignoreNulls" : false,
      "type" : "INT"
    } ],
    "windowing" : {
      "strategy" : "SliceAttached",
      "window" : {
        "type" : "HoppingWindow",
        "size" : "PT10S",
        "slide" : "PT5S"
      },
      "timeAttributeType" : {
        "type" : "TIMESTAMP_WITHOUT_TIME_ZONE",
        "precision" : 3,
        "kind" : "ROWTIME"
      },
      "sliceEnd" : 4,
      "isRowtime" : true
    },
    "namedWindowProperties" : [ {
      "name" : "window_start",
      "property" : {
        "kind" : "WindowStart",
        "reference" : {
          "name" : "w$",
          "type" : {
            "type" : "TIMESTAMP_WITHOUT_TIME_ZONE",
            "precision" : 3,
            "kind" : "ROWTIME"
          }
        }
      }
    }, {
      "name" : "window_end",
      "property" : {
        "kind" : "WindowEnd",
        "reference" : {
          "name" : "w$",
          "type" : {
            "type" : "TIMESTAMP_WITHOUT_TIME_ZONE",
            "precision" : 3,
            "kind" : "ROWTIME"
          }
        }
      }
    } ],
    "inputProperties" : [ {
      "requiredDistribution" : {
        "type" : "UNKNOWN"
      },
      "damBehavior" : "PIPELINED",
      "priority" : 0
    } ],
    "localAggInputRowType" : {
      "type" : "ROW",
      "fields" : [ {
        "name" : "b",
        "fieldType" : "BIGINT"
      }, {
        "name" : "c",
        "fieldType" : "VARCHAR(2147483647)"
      }, {
        "name" : "a",
        "fieldType" : "INT"
      }, {
        "name" : "rowtime",
        "fieldType" : {
          "type" : "TIMESTAMP_WITHOUT_TIME_ZONE",
          "precision" : 3,
          "kind" : "ROWTIME"
        }
      } ]
    },
    "outputType" : "ROW<`b` BIGINT, `EXPR$1` BIGINT NOT NULL, `EXPR$2` INT, `window_start` TIMESTAMP(3) NOT NULL, `window_end` TIMESTAMP(3) NOT NULL>",
    "description" : "GlobalWindowAggregate(groupBy=[b], window=[HOP(slice_end=[$slice_end], size=[10 s], slide=[5 s])], select=[b, COUNT(count$0) AS EXPR$1, SUM(sum$1) AS EXPR$2, COUNT(count1$2) AS window_start, start('w$) AS window_end])"
  }, {
    "context" : "8_stream-exec-calc_1",
    "projection" : [ {
      "kind" : "INPUT_REF",
      "inputIndex" : 0,
      "type" : "BIGINT"
    }, {
      "kind" : "INPUT_REF",
      "inputIndex" : 1,
      "type" : "BIGINT NOT NULL"
    }, {
      "kind" : "INPUT_REF",
      "inputIndex" : 2,
      "type" : "INT"
    } ],
    "condition" : null,
    "inputProperties" : [ {
      "requiredDistribution" : {
        "type" : "UNKNOWN"
      },
      "damBehavior" : "PIPELINED",
      "priority" : 0
    } ],
    "outputType" : "ROW<`b` BIGINT, `EXPR$1` BIGINT NOT NULL, `EXPR$2` INT>",
    "description" : "Calc(select=[b, EXPR$1, EXPR$2])"
  }, {
    "context" : "9_stream-exec-sink_1",
    "dynamicTableSink" : {
      "identifier" : "`default_catalog`.`default_database`.`MySink`",
      "catalogTable" : {
        "schema.2.data-type" : "INT",
        "connector" : "values",
        "schema.0.data-type" : "BIGINT",
        "schema.2.name" : "sum_a",
        "schema.1.name" : "cnt",
        "schema.0.name" : "b",
        "schema.1.data-type" : "BIGINT"
      }
    },
    "inputChangelogMode" : [ "INSERT" ],
    "inputProperties" : [ {
      "requiredDistribution" : {
        "type" : "UNKNOWN"
      },
      "damBehavior" : "PIPELINED",
      "priority" : 0
    } ],
    "outputType" : "ROW<`b` BIGINT, `EXPR$1` BIGINT NOT NULL, `EXPR$2` INT>",
    "description" : "Sink(table=[default_catalog.default_database.MySink], fields=[b, EXPR$1, EXPR$2])"
  } ],
  "edges" : [ {
    "source" : 1,
    "target" : 2,
    "shuffle" : {
      "type" : "FORWARD"
    },
    "shuffleMode" : "PIPELINED"
  }, {
    "source" : 2,
    "target" : 3,
    "shuffle" : {
      "type" : "FORWARD"
    },
    "shuffleMode" : "PIPELINED"
  }, {
    "source" : 3,
    "target" : 4,
    "shuffle" : {
      "type" : "FORWARD"
    },
    "shuffleMode" : "PIPELINED"
  }, {
    "source" : 4,
    "target" : 5,
    "shuffle" : {
      "type" : "FORWARD"
    },
    "shuffleMode" : "PIPELINED"
  }, {
    "source" : 5,
    "target" : 6,
    "shuffle" : {
      "type" : "FORWARD"
    },
    "shuffleMode" : "PIPELINED"
  }, {
    "source" : 6,
    "target" : 7,
    "shuffle" : {
      "type" : "FORWARD"
    },
    "shuffleMode" : "PIPELINED"
  }, {
    "source" : 7,
    "target" : 8,
    "shuffle" : {
      "type" : "FORWARD"
    },
    "shuffleMode" : "PIPELINED"
  }, {
    "source" : 8,
    "target" : 9,
    "shuffle" : {
      "type" : "FORWARD"
    },
    "shuffleMode" : "PIPELINED"
  } ]
}